Archive member included to satisfy reference by file (symbol)

/opt/riscv/lib/gcc/riscv32-unknown-elf/15.2.0/../../../../riscv32-unknown-elf/lib/libc.a(libc_a-printf.o)
                              ./build/core_main.o (printf)
/opt/riscv/lib/gcc/riscv32-unknown-elf/15.2.0/../../../../riscv32-unknown-elf/lib/libc.a(libc_a-impure.o)
                              /opt/riscv/lib/gcc/riscv32-unknown-elf/15.2.0/../../../../riscv32-unknown-elf/lib/libc.a(libc_a-printf.o) (_impure_ptr)
/opt/riscv/lib/gcc/riscv32-unknown-elf/15.2.0/../../../../riscv32-unknown-elf/lib/libc.a(libc_a-errno.o)
                              ./build/syscalls.o (__errno)
/opt/riscv/lib/gcc/riscv32-unknown-elf/15.2.0/../../../../riscv32-unknown-elf/lib/libc.a(libc_a-vfprintf.o)
                              /opt/riscv/lib/gcc/riscv32-unknown-elf/15.2.0/../../../../riscv32-unknown-elf/lib/libc.a(libc_a-printf.o) (_vfprintf_r)
/opt/riscv/lib/gcc/riscv32-unknown-elf/15.2.0/../../../../riscv32-unknown-elf/lib/libc.a(libc_a-sprint_r.o)
                              /opt/riscv/lib/gcc/riscv32-unknown-elf/15.2.0/../../../../riscv32-unknown-elf/lib/libc.a(libc_a-vfprintf.o) (__sprint_r)
/opt/riscv/lib/gcc/riscv32-unknown-elf/15.2.0/../../../../riscv32-unknown-elf/lib/libc.a(libc_a-fflush.o)
                              /opt/riscv/lib/gcc/riscv32-unknown-elf/15.2.0/../../../../riscv32-unknown-elf/lib/libc.a(libc_a-vfprintf.o) (_fflush_r)
/opt/riscv/lib/gcc/riscv32-unknown-elf/15.2.0/../../../../riscv32-unknown-elf/lib/libc.a(libc_a-findfp.o)
                              /opt/riscv/lib/gcc/riscv32-unknown-elf/15.2.0/../../../../riscv32-unknown-elf/lib/libc.a(libc_a-fflush.o) (__sglue)
/opt/riscv/lib/gcc/riscv32-unknown-elf/15.2.0/../../../../riscv32-unknown-elf/lib/libc.a(libc_a-fvwrite.o)
                              /opt/riscv/lib/gcc/riscv32-unknown-elf/15.2.0/../../../../riscv32-unknown-elf/lib/libc.a(libc_a-sprint_r.o) (__sfvwrite_r)
/opt/riscv/lib/gcc/riscv32-unknown-elf/15.2.0/../../../../riscv32-unknown-elf/lib/libc.a(libc_a-fwalk.o)
                              /opt/riscv/lib/gcc/riscv32-unknown-elf/15.2.0/../../../../riscv32-unknown-elf/lib/libc.a(libc_a-fflush.o) (_fwalk_sglue)
/opt/riscv/lib/gcc/riscv32-unknown-elf/15.2.0/../../../../riscv32-unknown-elf/lib/libc.a(libc_a-stdio.o)
                              /opt/riscv/lib/gcc/riscv32-unknown-elf/15.2.0/../../../../riscv32-unknown-elf/lib/libc.a(libc_a-findfp.o) (__sread)
/opt/riscv/lib/gcc/riscv32-unknown-elf/15.2.0/../../../../riscv32-unknown-elf/lib/libc.a(libc_a-wsetup.o)
                              /opt/riscv/lib/gcc/riscv32-unknown-elf/15.2.0/../../../../riscv32-unknown-elf/lib/libc.a(libc_a-vfprintf.o) (__swsetup_r)
/opt/riscv/lib/gcc/riscv32-unknown-elf/15.2.0/../../../../riscv32-unknown-elf/lib/libc.a(libc_a-memchr.o)
                              /opt/riscv/lib/gcc/riscv32-unknown-elf/15.2.0/../../../../riscv32-unknown-elf/lib/libc.a(libc_a-vfprintf.o) (memchr)
/opt/riscv/lib/gcc/riscv32-unknown-elf/15.2.0/../../../../riscv32-unknown-elf/lib/libc.a(libc_a-strncpy.o)
                              /opt/riscv/lib/gcc/riscv32-unknown-elf/15.2.0/../../../../riscv32-unknown-elf/lib/libc.a(libc_a-vfprintf.o) (strncpy)
/opt/riscv/lib/gcc/riscv32-unknown-elf/15.2.0/../../../../riscv32-unknown-elf/lib/libc.a(libc_a-localeconv.o)
                              /opt/riscv/lib/gcc/riscv32-unknown-elf/15.2.0/../../../../riscv32-unknown-elf/lib/libc.a(libc_a-vfprintf.o) (_localeconv_r)
/opt/riscv/lib/gcc/riscv32-unknown-elf/15.2.0/../../../../riscv32-unknown-elf/lib/libc.a(libc_a-closer.o)
                              /opt/riscv/lib/gcc/riscv32-unknown-elf/15.2.0/../../../../riscv32-unknown-elf/lib/libc.a(libc_a-stdio.o) (_close_r)
/opt/riscv/lib/gcc/riscv32-unknown-elf/15.2.0/../../../../riscv32-unknown-elf/lib/libc.a(libc_a-reent.o)
                              /opt/riscv/lib/gcc/riscv32-unknown-elf/15.2.0/../../../../riscv32-unknown-elf/lib/libc.a(libc_a-closer.o) (errno)
/opt/riscv/lib/gcc/riscv32-unknown-elf/15.2.0/../../../../riscv32-unknown-elf/lib/libc.a(libc_a-lseekr.o)
                              /opt/riscv/lib/gcc/riscv32-unknown-elf/15.2.0/../../../../riscv32-unknown-elf/lib/libc.a(libc_a-stdio.o) (_lseek_r)
/opt/riscv/lib/gcc/riscv32-unknown-elf/15.2.0/../../../../riscv32-unknown-elf/lib/libc.a(libc_a-readr.o)
                              /opt/riscv/lib/gcc/riscv32-unknown-elf/15.2.0/../../../../riscv32-unknown-elf/lib/libc.a(libc_a-stdio.o) (_read_r)
/opt/riscv/lib/gcc/riscv32-unknown-elf/15.2.0/../../../../riscv32-unknown-elf/lib/libc.a(libc_a-writer.o)
                              /opt/riscv/lib/gcc/riscv32-unknown-elf/15.2.0/../../../../riscv32-unknown-elf/lib/libc.a(libc_a-stdio.o) (_write_r)
/opt/riscv/lib/gcc/riscv32-unknown-elf/15.2.0/../../../../riscv32-unknown-elf/lib/libc.a(libc_a-memmove-stub.o)
                              /opt/riscv/lib/gcc/riscv32-unknown-elf/15.2.0/../../../../riscv32-unknown-elf/lib/libc.a(libc_a-fvwrite.o) (memmove)
[...]
Memory Configuration

Name             Origin             Length             Attributes
ROM              0x00000000         0x00040000         xr
RAM              0x20000000         0x00020000         xrw
*default*        0x00000000         0xffffffff

Linker script and memory map

LOAD ./build/start.o
LOAD ./build/core_list_join.o
LOAD ./build/core_main.o
LOAD ./build/core_matrix.o
LOAD ./build/core_state.o
LOAD ./build/core_util.o
LOAD ./build/core_portme.o
LOAD ./build/syscalls.o
LOAD /opt/riscv/lib/gcc/riscv32-unknown-elf/15.2.0/libgcc.a
START GROUP
LOAD /opt/riscv/lib/gcc/riscv32-unknown-elf/15.2.0/../../../../riscv32-unknown-elf/lib/libc.a
LOAD /opt/riscv/lib/gcc/riscv32-unknown-elf/15.2.0/../../../../riscv32-unknown-elf/lib/libgloss.a
END GROUP
LOAD /opt/riscv/lib/gcc/riscv32-unknown-elf/15.2.0/libgcc.a

.text           0x00000000    0x13da0
                0x00000000                        . = ALIGN (0x4)
 *(.text.boot)
 .text.boot     0x00000000       0xac ./build/start.o
                0x00000000                _start
 *(.text.entry)
 *(.text*)
 .text          0x000000ac      0x900 ./build/core_list_join.o
                0x000000ac                cmp_idx
                0x00000100                calc_func
                0x00000234                cmp_complex
                0x0000027c                copy_info
                0x00000290                core_list_insert_new
                0x000002f0                core_list_remove
                0x00000318                core_list_undo_remove
                0x00000338                core_list_find
                0x00000384                core_list_reverse
                0x000003a8                core_list_mergesort
                0x00000558                core_bench_list
                0x00000850                core_list_init
 .text          0x000009ac       0x88 ./build/core_main.o
                0x000009ac                iterate
 .text.startup  0x00000a34      0x764 ./build/core_main.o
                0x00000a34                main
 .text          0x00001198      0x7f8 ./build/core_matrix.o
                0x00001198                core_init_matrix
                0x000012bc                matrix_sum
                0x0000133c                matrix_mul_const
                0x00001388                matrix_add_const
                0x000013c0                matrix_mul_vect
                0x00001418                matrix_mul_matrix
                0x000014b8                matrix_mul_matrix_bitextract
                0x0000156c                matrix_test
                0x00001954                core_bench_matrix
 .text          0x00001990      0x5d0 ./build/core_state.o
                0x00001990                core_init_state
                0x00001ad8                core_state_transition
                0x00001dc0                core_bench_state
 .text          0x00001f60      0xa10 ./build/core_util.o
                0x00001f60                get_seed_32
                0x00001fc4                crcu8
                0x000020f4                crcu16
                0x0000231c                crcu32
                0x0000273c                crc16
                0x00002968                check_data_types
 .text          0x00002970       0x88 ./build/core_portme.o
                0x00002970                barebones_clock
                0x0000297c                start_time
                0x00002990                stop_time
                0x000029a4                get_time
                0x000029bc                time_in_secs
                0x000029d0                portable_init
                0x000029e4                portable_fini
 .text          0x000029f8       0xc8 ./build/syscalls.o
                0x000029f8                _write
                0x00002a3c                _read
                0x00002a44                _sbrk
                0x00002a8c                _close
                0x00002a94                _fstat
                0x00002aa4                _isatty
                0x00002aac                _lseek
                0x00002ab4                _exit
                0x00002ab8                _init
                0x00002abc                _fini
 .text.printf   0x00002ac0       0x50 /opt/riscv/lib/gcc/riscv32-unknown-elf/15.2.0/../../../../riscv32-unknown-elf/lib/libc.a(libc_a-printf.o)
                0x00002ac0                printf
 .text.__errno  0x00002b10        0xc /opt/riscv/lib/gcc/riscv32-unknown-elf/15.2.0/../../../../riscv32-unknown-elf/lib/libc.a(libc_a-errno.o)
                0x00002b10                __errno
 .text._vfprintf_r
                0x00002b1c     0x2fc0 /opt/riscv/lib/gcc/riscv32-unknown-elf/15.2.0/../../../../riscv32-unknown-elf/lib/libc.a(libc_a-vfprintf.o)
                0x00002b1c                _vfprintf_r
 .text.__sbprintf
                0x00005adc       0xc0 /opt/riscv/lib/gcc/riscv32-unknown-elf/15.2.0/../../../../riscv32-unknown-elf/lib/libc.a(libc_a-vfprintf.o)
 .text.__sprint_r
                0x00005b9c       0x3c /opt/riscv/lib/gcc/riscv32-unknown-elf/15.2.0/../../../../riscv32-unknown-elf/lib/libc.a(libc_a-sprint_r.o)
                0x00005b9c                __sprint_r
 .text.__sflush_r
                0x00005bd8      0x25c /opt/riscv/lib/gcc/riscv32-unknown-elf/15.2.0/../../../../riscv32-unknown-elf/lib/libc.a(libc_a-fflush.o)
                0x00005bd8                __sflush_r
 .text._fflush_r
                0x00005e34       0x6c /opt/riscv/lib/gcc/riscv32-unknown-elf/15.2.0/../../../../riscv32-unknown-elf/lib/libc.a(libc_a-fflush.o)
                0x00005e34                _fflush_r
 .text.stdio_exit_handler
                0x00005ea0       0x1c /opt/riscv/lib/gcc/riscv32-unknown-elf/15.2.0/../../../../riscv32-unknown-elf/lib/libc.a(libc_a-findfp.o)
 .text.cleanup_stdio
                0x00005ebc       0x70 /opt/riscv/lib/gcc/riscv32-unknown-elf/15.2.0/../../../../riscv32-unknown-elf/lib/libc.a(libc_a-findfp.o)
 .text.global_stdio_init.part.0
                0x00005f2c      0x170 /opt/riscv/lib/gcc/riscv32-unknown-elf/15.2.0/../../../../riscv32-unknown-elf/lib/libc.a(libc_a-findfp.o)
 .text.__sinit  0x0000609c       0x28 /opt/riscv/lib/gcc/riscv32-unknown-elf/15.2.0/../../../../riscv32-unknown-elf/lib/libc.a(libc_a-findfp.o)
                0x0000609c                __sinit
 .text.__sfp_lock_acquire
                0x000060c4        0x4 /opt/riscv/lib/gcc/riscv32-unknown-elf/15.2.0/../../../../riscv32-unknown-elf/lib/libc.a(libc_a-findfp.o)
                0x000060c4                __sfp_lock_acquire
 .text.__sfp_lock_release
                0x000060c8        0x4 /opt/riscv/lib/gcc/riscv32-unknown-elf/15.2.0/../../../../riscv32-unknown-elf/lib/libc.a(libc_a-findfp.o)
                0x000060c8                __sfp_lock_release
 .text.__sfvwrite_r
                0x000060cc      0x4c4 /opt/riscv/lib/gcc/riscv32-unknown-elf/15.2.0/../../../../riscv32-unknown-elf/lib/libc.a(libc_a-fvwrite.o)
                0x000060cc                __sfvwrite_r
 .text._fwalk_sglue
                0x00006590       0xb4 /opt/riscv/lib/gcc/riscv32-unknown-elf/15.2.0/../../../../riscv32-unknown-elf/lib/libc.a(libc_a-fwalk.o)
                0x00006590                _fwalk_sglue
 .text.__sread  0x00006644       0x5c /opt/riscv/lib/gcc/riscv32-unknown-elf/15.2.0/../../../../riscv32-unknown-elf/lib/libc.a(libc_a-stdio.o)
                0x00006644                __sread
 .text.__swrite
                0x000066a0       0x88 /opt/riscv/lib/gcc/riscv32-unknown-elf/15.2.0/../../../../riscv32-unknown-elf/lib/libc.a(libc_a-stdio.o)
                0x000066a0                __swrite
 .text.__sseek  0x00006728       0x64 /opt/riscv/lib/gcc/riscv32-unknown-elf/15.2.0/../../../../riscv32-unknown-elf/lib/libc.a(libc_a-stdio.o)
                0x00006728                __sseek
 .text.__sclose
                0x0000678c        0x8 /opt/riscv/lib/gcc/riscv32-unknown-elf/15.2.0/../../../../riscv32-unknown-elf/lib/libc.a(libc_a-stdio.o)
                0x0000678c                __sclose
 .text.__swsetup_r
                0x00006794      0x168 /opt/riscv/lib/gcc/riscv32-unknown-elf/15.2.0/../../../../riscv32-unknown-elf/lib/libc.a(libc_a-wsetup.o)
                0x00006794                __swsetup_r
 .text.memchr   0x000068fc       0xa4 /opt/riscv/lib/gcc/riscv32-unknown-elf/15.2.0/../../../../riscv32-unknown-elf/lib/libc.a(libc_a-memchr.o)
                0x000068fc                memchr
 .text.strncpy  0x000069a0       0xa8 /opt/riscv/lib/gcc/riscv32-unknown-elf/15.2.0/../../../../riscv32-unknown-elf/lib/libc.a(libc_a-strncpy.o)
                0x000069a0                strncpy
 .text._localeconv_r
                0x00006a48        0xc /opt/riscv/lib/gcc/riscv32-unknown-elf/15.2.0/../../../../riscv32-unknown-elf/lib/libc.a(libc_a-localeconv.o)
                0x00006a48                _localeconv_r
 .text._close_r
                0x00006a54       0x60 /opt/riscv/lib/gcc/riscv32-unknown-elf/15.2.0/../../../../riscv32-unknown-elf/lib/libc.a(libc_a-closer.o)
                0x00006a54                _close_r
 .text._lseek_r
                0x00006ab4       0x6c /opt/riscv/lib/gcc/riscv32-unknown-elf/15.2.0/../../../../riscv32-unknown-elf/lib/libc.a(libc_a-lseekr.o)
                0x00006ab4                _lseek_r
 .text._read_r  0x00006b20       0x6c /opt/riscv/lib/gcc/riscv32-unknown-elf/15.2.0/../../../../riscv32-unknown-elf/lib/libc.a(libc_a-readr.o)
                0x00006b20                _read_r
 .text._write_r
                0x00006b8c       0x6c /opt/riscv/lib/gcc/riscv32-unknown-elf/15.2.0/../../../../riscv32-unknown-elf/lib/libc.a(libc_a-writer.o)
                0x00006b8c                _write_r
 .text.memmove  0x00006bf8      0x128 /opt/riscv/lib/gcc/riscv32-unknown-elf/15.2.0/../../../../riscv32-unknown-elf/lib/libc.a(libc_a-memmove-stub.o)
                0x00006bf8                memmove
 .text          0x00006d20       0xdc /opt/riscv/lib/gcc/riscv32-unknown-elf/15.2.0/../../../../riscv32-unknown-elf/lib/libc.a(libc_a-memset.o)
                0x00006d20                memset
 .text.memcpy   0x00006dfc      0x128 /opt/riscv/lib/gcc/riscv32-unknown-elf/15.2.0/../../../../riscv32-unknown-elf/lib/libc.a(libc_a-memcpy.o)
                0x00006dfc                memcpy
 .text.strlen   0x00006f24       0x8c /opt/riscv/lib/gcc/riscv32-unknown-elf/15.2.0/../../../../riscv32-unknown-elf/lib/libc.a(libc_a-strlen.o)
                0x00006f24                strlen
 .text.frexpl   0x00006fb0      0x180 /opt/riscv/lib/gcc/riscv32-unknown-elf/15.2.0/../../../../riscv32-unknown-elf/lib/libc.a(libm_a-frexpl.o)
                0x00006fb0                frexpl
 .text._malloc_trim_r
                0x00007130      0x130 /opt/riscv/lib/gcc/riscv32-unknown-elf/15.2.0/../../../../riscv32-unknown-elf/lib/libc.a(libc_a-freer.o)
                0x00007130                _malloc_trim_r
 .text._free_r  0x00007260      0x2f0 /opt/riscv/lib/gcc/riscv32-unknown-elf/15.2.0/../../../../riscv32-unknown-elf/lib/libc.a(libc_a-freer.o)
                0x00007260                _free_r
 .text._ldtoa_r
                0x00007550      0x28c /opt/riscv/lib/gcc/riscv32-unknown-elf/15.2.0/../../../../riscv32-unknown-elf/lib/libc.a(libc_a-gdtoa-ldtoa.o)
                0x00007550                _ldtoa_r
 .text._ldcheck
                0x000077dc       0xf8 /opt/riscv/lib/gcc/riscv32-unknown-elf/15.2.0/../../../../riscv32-unknown-elf/lib/libc.a(libc_a-gdtoa-ldtoa.o)
                0x000077dc                _ldcheck
 .text.__gdtoa  0x000078d4     0x1cbc /opt/riscv/lib/gcc/riscv32-unknown-elf/15.2.0/../../../../riscv32-unknown-elf/lib/libc.a(libc_a-gdtoa-gdtoa.o)
                0x000078d4                __gdtoa
 .text.__rv_alloc_D2A.part.0
                0x00009590       0x24 /opt/riscv/lib/gcc/riscv32-unknown-elf/15.2.0/../../../../riscv32-unknown-elf/lib/libc.a(libc_a-gdtoa-dmisc.o)
 .text.__rv_alloc_D2A
                0x000095b4       0x6c /opt/riscv/lib/gcc/riscv32-unknown-elf/15.2.0/../../../../riscv32-unknown-elf/lib/libc.a(libc_a-gdtoa-dmisc.o)
                0x000095b4                __rv_alloc_D2A
 .text.__nrv_alloc_D2A
                0x00009620       0xb4 /opt/riscv/lib/gcc/riscv32-unknown-elf/15.2.0/../../../../riscv32-unknown-elf/lib/libc.a(libc_a-gdtoa-dmisc.o)
                0x00009620                __nrv_alloc_D2A
 .text.__freedtoa
                0x000096d4       0x18 /opt/riscv/lib/gcc/riscv32-unknown-elf/15.2.0/../../../../riscv32-unknown-elf/lib/libc.a(libc_a-gdtoa-dmisc.o)
                0x000096d4                __freedtoa
 .text.__quorem_D2A
                0x000096ec      0x274 /opt/riscv/lib/gcc/riscv32-unknown-elf/15.2.0/../../../../riscv32-unknown-elf/lib/libc.a(libc_a-gdtoa-dmisc.o)
                0x000096ec                __quorem_D2A
 .text.__rshift_D2A
                0x00009960       0xe4 /opt/riscv/lib/gcc/riscv32-unknown-elf/15.2.0/../../../../riscv32-unknown-elf/lib/libc.a(libc_a-gdtoa-gmisc.o)
                0x00009960                __rshift_D2A
 .text.__trailz_D2A
                0x00009a44       0x6c /opt/riscv/lib/gcc/riscv32-unknown-elf/15.2.0/../../../../riscv32-unknown-elf/lib/libc.a(libc_a-gdtoa-gmisc.o)
                0x00009a44                __trailz_D2A
 .text._malloc_r
                0x00009ab0      0x898 /opt/riscv/lib/gcc/riscv32-unknown-elf/15.2.0/../../../../riscv32-unknown-elf/lib/libc.a(libc_a-mallocr.o)
                0x00009ab0                _malloc_r
 .text.__malloc_lock
                0x0000a348        0x4 /opt/riscv/lib/gcc/riscv32-unknown-elf/15.2.0/../../../../riscv32-unknown-elf/lib/libc.a(libc_a-mlock.o)
                0x0000a348                __malloc_lock
 .text.__malloc_unlock
                0x0000a34c        0x4 /opt/riscv/lib/gcc/riscv32-unknown-elf/15.2.0/../../../../riscv32-unknown-elf/lib/libc.a(libc_a-mlock.o)
                0x0000a34c                __malloc_unlock
 .text._Balloc  0x0000a350       0xac /opt/riscv/lib/gcc/riscv32-unknown-elf/15.2.0/../../../../riscv32-unknown-elf/lib/libc.a(libc_a-mprec.o)
                0x0000a350                _Balloc
 .text._Bfree   0x0000a3fc       0x24 /opt/riscv/lib/gcc/riscv32-unknown-elf/15.2.0/../../../../riscv32-unknown-elf/lib/libc.a(libc_a-mprec.o)
                0x0000a3fc                _Bfree
 .text.__multadd
                0x0000a420      0x168 /opt/riscv/lib/gcc/riscv32-unknown-elf/15.2.0/../../../../riscv32-unknown-elf/lib/libc.a(libc_a-mprec.o)
                0x0000a420                __multadd
 .text.__hi0bits
                0x0000a588       0x8c /opt/riscv/lib/gcc/riscv32-unknown-elf/15.2.0/../../../../riscv32-unknown-elf/lib/libc.a(libc_a-mprec.o)
                0x0000a588                __hi0bits
 .text.__lo0bits
                0x0000a614      0x118 /opt/riscv/lib/gcc/riscv32-unknown-elf/15.2.0/../../../../riscv32-unknown-elf/lib/libc.a(libc_a-mprec.o)
                0x0000a614                __lo0bits
 .text.__i2b    0x0000a72c       0xd0 /opt/riscv/lib/gcc/riscv32-unknown-elf/15.2.0/../../../../riscv32-unknown-elf/lib/libc.a(libc_a-mprec.o)
                0x0000a72c                __i2b
 .text.__multiply
                0x0000a7fc      0x2dc /opt/riscv/lib/gcc/riscv32-unknown-elf/15.2.0/../../../../riscv32-unknown-elf/lib/libc.a(libc_a-mprec.o)
                0x0000a7fc                __multiply
 .text.__pow5mult
                0x0000aad8      0x168 /opt/riscv/lib/gcc/riscv32-unknown-elf/15.2.0/../../../../riscv32-unknown-elf/lib/libc.a(libc_a-mprec.o)
                0x0000aad8                __pow5mult
 .text.__lshift
                0x0000ac40      0x188 /opt/riscv/lib/gcc/riscv32-unknown-elf/15.2.0/../../../../riscv32-unknown-elf/lib/libc.a(libc_a-mprec.o)
                0x0000ac40                __lshift
 .text.__mcmp   0x0000adc8       0x58 /opt/riscv/lib/gcc/riscv32-unknown-elf/15.2.0/../../../../riscv32-unknown-elf/lib/libc.a(libc_a-mprec.o)
                0x0000adc8                __mcmp
 .text.__mdiff  0x0000ae20      0x238 /opt/riscv/lib/gcc/riscv32-unknown-elf/15.2.0/../../../../riscv32-unknown-elf/lib/libc.a(libc_a-mprec.o)
                0x0000ae20                __mdiff
 .text.__b2d    0x0000b058      0x118 /opt/riscv/lib/gcc/riscv32-unknown-elf/15.2.0/../../../../riscv32-unknown-elf/lib/libc.a(libc_a-mprec.o)
                0x0000b058                __b2d
 .text._realloc_r
                0x0000b170      0x630 /opt/riscv/lib/gcc/riscv32-unknown-elf/15.2.0/../../../../riscv32-unknown-elf/lib/libc.a(libc_a-reallocr.o)
                0x0000b170                _realloc_r
 .text._fclose_r
                0x0000b7a0      0x108 /opt/riscv/lib/gcc/riscv32-unknown-elf/15.2.0/../../../../riscv32-unknown-elf/lib/libc.a(libc_a-fclose.o)
                0x0000b7a0                _fclose_r
 .text.__smakebuf_r
                0x0000b8a8      0x178 /opt/riscv/lib/gcc/riscv32-unknown-elf/15.2.0/../../../../riscv32-unknown-elf/lib/libc.a(libc_a-makebuf.o)
                0x0000b8a8                __smakebuf_r
 .text._fstat_r
                0x0000ba20       0x68 /opt/riscv/lib/gcc/riscv32-unknown-elf/15.2.0/../../../../riscv32-unknown-elf/lib/libc.a(libc_a-fstatr.o)
                0x0000ba20                _fstat_r
 .text._isatty_r
                0x0000ba88       0x60 /opt/riscv/lib/gcc/riscv32-unknown-elf/15.2.0/../../../../riscv32-unknown-elf/lib/libc.a(libc_a-isattyr.o)
                0x0000ba88                _isatty_r
 .text._sbrk_r  0x0000bae8       0x60 /opt/riscv/lib/gcc/riscv32-unknown-elf/15.2.0/../../../../riscv32-unknown-elf/lib/libc.a(libc_a-sbrkr.o)
                0x0000bae8                _sbrk_r
 .text.__assert_func
                0x0000bb48       0x54 /opt/riscv/lib/gcc/riscv32-unknown-elf/15.2.0/../../../../riscv32-unknown-elf/lib/libc.a(libc_a-assert.o)
                0x0000bb48                __assert_func
 .text._calloc_r
                0x0000bb9c      0x194 /opt/riscv/lib/gcc/riscv32-unknown-elf/15.2.0/../../../../riscv32-unknown-elf/lib/libc.a(libc_a-callocr.o)
                0x0000bb9c                _calloc_r
 .text.__ascii_mbtowc
                0x0000bd30       0x68 /opt/riscv/lib/gcc/riscv32-unknown-elf/15.2.0/../../../../riscv32-unknown-elf/lib/libc.a(libc_a-mbtowc_r.o)
                0x0000bd30                __ascii_mbtowc
 .text.__ascii_wctomb
                0x0000bd98       0x30 /opt/riscv/lib/gcc/riscv32-unknown-elf/15.2.0/../../../../riscv32-unknown-elf/lib/libc.a(libc_a-wctomb_r.o)
                0x0000bd98                __ascii_wctomb
 .text.fiprintf
                0x0000bdc8       0x54 /opt/riscv/lib/gcc/riscv32-unknown-elf/15.2.0/../../../../riscv32-unknown-elf/lib/libc.a(libc_a-fiprintf.o)
                0x0000bdc8                fiprintf
 .text._vfiprintf_r
                0x0000be1c     0x1250 /opt/riscv/lib/gcc/riscv32-unknown-elf/15.2.0/../../../../riscv32-unknown-elf/lib/libc.a(libc_a-vfiprintf.o)
                0x0000be1c                _vfiprintf_r
 .text.__sbprintf
                0x0000d06c       0xc0 /opt/riscv/lib/gcc/riscv32-unknown-elf/15.2.0/../../../../riscv32-unknown-elf/lib/libc.a(libc_a-vfiprintf.o)
 .text.abort    0x0000d12c       0x18 /opt/riscv/lib/gcc/riscv32-unknown-elf/15.2.0/../../../../riscv32-unknown-elf/lib/libc.a(libc_a-abort.o)
                0x0000d12c                abort
 .text.raise    0x0000d144       0xac /opt/riscv/lib/gcc/riscv32-unknown-elf/15.2.0/../../../../riscv32-unknown-elf/lib/libc.a(libc_a-signal.o)
                0x0000d144                raise
 .text._kill_r  0x0000d1f0       0x68 /opt/riscv/lib/gcc/riscv32-unknown-elf/15.2.0/../../../../riscv32-unknown-elf/lib/libc.a(libc_a-signalr.o)
                0x0000d1f0                _kill_r
 .text._getpid_r
                0x0000d258        0x4 /opt/riscv/lib/gcc/riscv32-unknown-elf/15.2.0/../../../../riscv32-unknown-elf/lib/libc.a(libc_a-signalr.o)
                0x0000d258                _getpid_r
 .text._getpid  0x0000d25c        0x8 /opt/riscv/lib/gcc/riscv32-unknown-elf/15.2.0/../../../../riscv32-unknown-elf/lib/libgloss.a(riscv_libgloss_a-sys_getpid.o)
                0x0000d25c                _getpid
 .text._kill    0x0000d264       0x24 /opt/riscv/lib/gcc/riscv32-unknown-elf/15.2.0/../../../../riscv32-unknown-elf/lib/libgloss.a(riscv_libgloss_a-sys_kill.o)
                0x0000d264                _kill
 .text          0x0000d288      0x5b4 /opt/riscv/lib/gcc/riscv32-unknown-elf/15.2.0/libgcc.a(_udivdi3.o)
                0x0000d288                __udivdi3
 .text          0x0000d83c      0x5a4 /opt/riscv/lib/gcc/riscv32-unknown-elf/15.2.0/libgcc.a(_umoddi3.o)
                0x0000d83c                __umoddi3
 .text          0x0000dde0      0x74c /opt/riscv/lib/gcc/riscv32-unknown-elf/15.2.0/libgcc.a(adddf3.o)
                0x0000dde0                __adddf3
 .text          0x0000e52c      0x7c4 /opt/riscv/lib/gcc/riscv32-unknown-elf/15.2.0/libgcc.a(divdf3.o)
                0x0000e52c                __divdf3
 .text          0x0000ecf0       0x84 /opt/riscv/lib/gcc/riscv32-unknown-elf/15.2.0/libgcc.a(eqdf2.o)
                0x0000ecf0                __eqdf2
                0x0000ecf0                __nedf2
 .text          0x0000ed74       0xd8 /opt/riscv/lib/gcc/riscv32-unknown-elf/15.2.0/libgcc.a(gedf2.o)
                0x0000ed74                __gtdf2
                0x0000ed74                __gedf2
 .text          0x0000ee4c       0xd8 /opt/riscv/lib/gcc/riscv32-unknown-elf/15.2.0/libgcc.a(ledf2.o)
                0x0000ee4c                __ltdf2
                0x0000ee4c                __ledf2
 .text          0x0000ef24      0x69c /opt/riscv/lib/gcc/riscv32-unknown-elf/15.2.0/libgcc.a(muldf3.o)
                0x0000ef24                __muldf3
 .text          0x0000f5c0      0x760 /opt/riscv/lib/gcc/riscv32-unknown-elf/15.2.0/libgcc.a(subdf3.o)
                0x0000f5c0                __subdf3
 .text          0x0000fd20       0x7c /opt/riscv/lib/gcc/riscv32-unknown-elf/15.2.0/libgcc.a(fixdfsi.o)
                0x0000fd20                __fixdfsi
 .text          0x0000fd9c       0xa0 /opt/riscv/lib/gcc/riscv32-unknown-elf/15.2.0/libgcc.a(floatsidf.o)
                0x0000fd9c                __floatsidf
 .text          0x0000fe3c       0xf0 /opt/riscv/lib/gcc/riscv32-unknown-elf/15.2.0/libgcc.a(eqtf2.o)
                0x0000fe3c                __eqtf2
                0x0000fe3c                __netf2
 .text          0x0000ff2c      0x134 /opt/riscv/lib/gcc/riscv32-unknown-elf/15.2.0/libgcc.a(getf2.o)
                0x0000ff2c                __getf2
                0x0000ff2c                __gttf2
 .text          0x00010060      0x134 /opt/riscv/lib/gcc/riscv32-unknown-elf/15.2.0/libgcc.a(letf2.o)
                0x00010060                __letf2
                0x00010060                __lttf2
 .text          0x00010194     0x1324 /opt/riscv/lib/gcc/riscv32-unknown-elf/15.2.0/libgcc.a(multf3.o)
                0x00010194                __multf3
 .text          0x000114b8     0x137c /opt/riscv/lib/gcc/riscv32-unknown-elf/15.2.0/libgcc.a(subtf3.o)
                0x000114b8                __subtf3
 .text          0x00012834       0x8c /opt/riscv/lib/gcc/riscv32-unknown-elf/15.2.0/libgcc.a(unordtf2.o)
                0x00012834                __unordtf2
 .text          0x000128c0       0xf4 /opt/riscv/lib/gcc/riscv32-unknown-elf/15.2.0/libgcc.a(fixtfsi.o)
                0x000128c0                __fixtfsi
 .text          0x000129b4      0x14c /opt/riscv/lib/gcc/riscv32-unknown-elf/15.2.0/libgcc.a(floatsitf.o)
                0x000129b4                __floatsitf
 .text          0x00012b00      0x1f8 /opt/riscv/lib/gcc/riscv32-unknown-elf/15.2.0/libgcc.a(extenddftf2.o)
                0x00012b00                __extenddftf2
 .text          0x00012cf8       0x24 /opt/riscv/lib/gcc/riscv32-unknown-elf/15.2.0/libgcc.a(muldi3.o)
                0x00012cf8                __mulsi3
 .text          0x00012d1c       0xb4 /opt/riscv/lib/gcc/riscv32-unknown-elf/15.2.0/libgcc.a(div.o)
                0x00012d1c                __divsi3
                0x00012d24                __hidden___udivsi3
                0x00012d24                __udivsi3
                0x00012d6c                __umodsi3
                0x00012da0                __modsi3
 .text          0x00012dd0       0x4c /opt/riscv/lib/gcc/riscv32-unknown-elf/15.2.0/libgcc.a(_clzsi2.o)
                0x00012dd0                __clzsi2
 *(.rodata*)
 .rodata.str1.4
                0x00012e1c      0x663 ./build/core_main.o
                                0x462 (size before relaxing)
 *fill*         0x0001347f        0x1 
 .rodata        0x00013480       0x22 ./build/core_main.o
 .rodata.str1.4
                0x000134a2        0x0 ./build/core_state.o
                                 0xad (size before relaxing)
 *fill*         0x000134a2        0x2 
 .rodata        0x000134a4       0x40 ./build/core_state.o
 .rodata        0x000134e4      0x218 ./build/core_util.o
 .rodata._vfprintf_r.str1.4
                0x000136fc        0x0 /opt/riscv/lib/gcc/riscv32-unknown-elf/15.2.0/../../../../riscv32-unknown-elf/lib/libc.a(libc_a-vfprintf.o)
                                 0x42 (size before relaxing)
 .rodata._vfprintf_r
                0x000136fc      0x16c /opt/riscv/lib/gcc/riscv32-unknown-elf/15.2.0/../../../../riscv32-unknown-elf/lib/libc.a(libc_a-vfprintf.o)
 .rodata.zeroes.0
                0x00013868       0x10 /opt/riscv/lib/gcc/riscv32-unknown-elf/15.2.0/../../../../riscv32-unknown-elf/lib/libc.a(libc_a-vfprintf.o)
 .rodata.blanks.1
                0x00013878       0x10 /opt/riscv/lib/gcc/riscv32-unknown-elf/15.2.0/../../../../riscv32-unknown-elf/lib/libc.a(libc_a-vfprintf.o)
 .rodata        0x00013888       0x14 /opt/riscv/lib/gcc/riscv32-unknown-elf/15.2.0/../../../../riscv32-unknown-elf/lib/libc.a(libc_a-gdtoa-ldtoa.o)
 .rodata.__gdtoa.str1.4
                0x0001389c        0x0 /opt/riscv/lib/gcc/riscv32-unknown-elf/15.2.0/../../../../riscv32-unknown-elf/lib/libc.a(libc_a-gdtoa-gdtoa.o)
                                 0x12 (size before relaxing)
 .rodata.__rv_alloc_D2A.part.0.str1.4
                0x0001389c        0x0 /opt/riscv/lib/gcc/riscv32-unknown-elf/15.2.0/../../../../riscv32-unknown-elf/lib/libc.a(libc_a-gdtoa-dmisc.o)
                                 0x63 (size before relaxing)
 .rodata.__multadd.str1.4
                0x0001389c        0x0 /opt/riscv/lib/gcc/riscv32-unknown-elf/15.2.0/../../../../riscv32-unknown-elf/lib/libc.a(libc_a-mprec.o)
                                 0x5d (size before relaxing)
 .rodata.p05.0  0x0001389c        0xc /opt/riscv/lib/gcc/riscv32-unknown-elf/15.2.0/../../../../riscv32-unknown-elf/lib/libc.a(libc_a-mprec.o)
 .rodata.__mprec_tens
                0x000138a8       0xc8 /opt/riscv/lib/gcc/riscv32-unknown-elf/15.2.0/../../../../riscv32-unknown-elf/lib/libc.a(libc_a-mprec.o)
                0x000138a8                __mprec_tens
 .rodata._setlocale_r.str1.4
                0x00013970        0x0 /opt/riscv/lib/gcc/riscv32-unknown-elf/15.2.0/../../../../riscv32-unknown-elf/lib/libc.a(libc_a-locale.o)
                                  0xd (size before relaxing)
 .rodata.str1.4
                0x00013970        0x0 /opt/riscv/lib/gcc/riscv32-unknown-elf/15.2.0/../../../../riscv32-unknown-elf/lib/libc.a(libc_a-locale.o)
                                  0x2 (size before relaxing)
 .rodata.__assert_func.str1.4
                0x00013970        0x0 /opt/riscv/lib/gcc/riscv32-unknown-elf/15.2.0/../../../../riscv32-unknown-elf/lib/libc.a(libc_a-assert.o)
                                 0x43 (size before relaxing)
 .rodata._ctype_
                0x00013970      0x101 /opt/riscv/lib/gcc/riscv32-unknown-elf/15.2.0/../../../../riscv32-unknown-elf/lib/libc.a(libc_a-ctype_.o)
                0x00013970                _ctype_
 .rodata._vfiprintf_r.str1.4
                0x00013a71        0x0 /opt/riscv/lib/gcc/riscv32-unknown-elf/15.2.0/../../../../riscv32-unknown-elf/lib/libc.a(libc_a-vfiprintf.o)
                                 0x2f (size before relaxing)
 *fill*         0x00013a71        0x3 
 .rodata._vfiprintf_r
                0x00013a74      0x16c /opt/riscv/lib/gcc/riscv32-unknown-elf/15.2.0/../../../../riscv32-unknown-elf/lib/libc.a(libc_a-vfiprintf.o)
 .rodata.zeroes.0
                0x00013be0       0x10 /opt/riscv/lib/gcc/riscv32-unknown-elf/15.2.0/../../../../riscv32-unknown-elf/lib/libc.a(libc_a-vfiprintf.o)
 .rodata.blanks.1
                0x00013bf0       0x10 /opt/riscv/lib/gcc/riscv32-unknown-elf/15.2.0/../../../../riscv32-unknown-elf/lib/libc.a(libc_a-vfiprintf.o)
 .rodata        0x00013c00       0x3c /opt/riscv/lib/gcc/riscv32-unknown-elf/15.2.0/libgcc.a(divdf3.o)
 .rodata        0x00013c3c      0x100 /opt/riscv/lib/gcc/riscv32-unknown-elf/15.2.0/libgcc.a(_clz.o)
                0x00013c3c                __clz_tab
 *(.srodata*)
 *fill*         0x00013d3c        0x4 
 .srodata.cst8  0x00013d40       0x60 /opt/riscv/lib/gcc/riscv32-unknown-elf/15.2.0/../../../../riscv32-unknown-elf/lib/libc.a(libc_a-gdtoa-gdtoa.o)
                0x00013da0                        . = ALIGN (0x4)
                0x00013da0                        _text_end = .

.rela.dyn       0x00013da0        0x0
 .rela.text.boot
                0x00013da0        0x0 ./build/start.o
 .rela.sdata    0x00013da0        0x0 ./build/start.o

.sdata          0x20000000       0x1c load address 0x00013da0
                0x20000000                        . = ALIGN (0x4)
                0x20000000                        _sdata_start = .
 *(.sdata*)
 .sdata         0x20000000        0xc ./build/core_portme.o
                0x20000000                default_num_contexts
                0x20000004                seed4_volatile
                0x20000008                seed3_volatile
 .sdata         0x2000000c        0x4 ./build/syscalls.o
 .sdata._impure_ptr
                0x20000010        0x4 /opt/riscv/lib/gcc/riscv32-unknown-elf/15.2.0/../../../../riscv32-unknown-elf/lib/libc.a(libc_a-impure.o)
                0x20000010                _impure_ptr
 .sdata.__malloc_sbrk_base
                0x20000014        0x4 /opt/riscv/lib/gcc/riscv32-unknown-elf/15.2.0/../../../../riscv32-unknown-elf/lib/libc.a(libc_a-mallocr.o)
                0x20000014                __malloc_sbrk_base
 .sdata.__malloc_trim_threshold
                0x20000018        0x4 /opt/riscv/lib/gcc/riscv32-unknown-elf/15.2.0/../../../../riscv32-unknown-elf/lib/libc.a(libc_a-mallocr.o)
                0x20000018                __malloc_trim_threshold
                0x2000001c                        . = ALIGN (0x4)
                0x2000001c                        _sdata_end = .

.data           0x20000020      0x6c0 load address 0x00013dbc
                0x20000020                        . = ALIGN (0x4)
                0x20000020                        _data_start = .
 *(.data*)
 .data._impure_data
                0x20000020      0x140 /opt/riscv/lib/gcc/riscv32-unknown-elf/15.2.0/../../../../riscv32-unknown-elf/lib/libc.a(libc_a-impure.o)
                0x20000020                _impure_data
 .data.__sglue  0x20000160        0xc /opt/riscv/lib/gcc/riscv32-unknown-elf/15.2.0/../../../../riscv32-unknown-elf/lib/libc.a(libc_a-findfp.o)
                0x20000160                __sglue
 .data.__malloc_av_
                0x2000016c      0x408 /opt/riscv/lib/gcc/riscv32-unknown-elf/15.2.0/../../../../riscv32-unknown-elf/lib/libc.a(libc_a-mallocr.o)
                0x2000016c                __malloc_av_
 .data.__global_locale
                0x20000574      0x16c /opt/riscv/lib/gcc/riscv32-unknown-elf/15.2.0/../../../../riscv32-unknown-elf/lib/libc.a(libc_a-locale.o)
                0x20000574                __global_locale
                0x200006e0                        . = ALIGN (0x4)
                0x200006e0                        _data_end = .
                0x00013da0                        _sdata_load = LOADADDR (.sdata)
                0x00013dbc                        _data_load = LOADADDR (.data)

.sbss           0x200006e0       0x2c load address 0x0001447c
                0x200006e0                        . = ALIGN (0x4)
                0x200006e0                        _sbss_start = .
 *(.sbss*)
 .sbss          0x200006e0       0x14 ./build/core_portme.o
                0x200006e8                seed5_volatile
                0x200006ec                seed2_volatile
                0x200006f0                seed1_volatile
 .sbss          0x200006f4        0x4 ./build/syscalls.o
                0x200006f4                out_ind
 .sbss.__stdio_exit_handler
                0x200006f8        0x4 /opt/riscv/lib/gcc/riscv32-unknown-elf/15.2.0/../../../../riscv32-unknown-elf/lib/libc.a(libc_a-findfp.o)
                0x200006f8                __stdio_exit_handler
 .sbss.errno    0x200006fc        0x4 /opt/riscv/lib/gcc/riscv32-unknown-elf/15.2.0/../../../../riscv32-unknown-elf/lib/libc.a(libc_a-reent.o)
                0x200006fc                errno
 .sbss.__malloc_max_total_mem
                0x20000700        0x4 /opt/riscv/lib/gcc/riscv32-unknown-elf/15.2.0/../../../../riscv32-unknown-elf/lib/libc.a(libc_a-mallocr.o)
                0x20000700                __malloc_max_total_mem
 .sbss.__malloc_max_sbrked_mem
                0x20000704        0x4 /opt/riscv/lib/gcc/riscv32-unknown-elf/15.2.0/../../../../riscv32-unknown-elf/lib/libc.a(libc_a-mallocr.o)
                0x20000704                __malloc_max_sbrked_mem
 .sbss.__malloc_top_pad
                0x20000708        0x4 /opt/riscv/lib/gcc/riscv32-unknown-elf/15.2.0/../../../../riscv32-unknown-elf/lib/libc.a(libc_a-mallocr.o)
                0x20000708                __malloc_top_pad
                0x2000070c                        . = ALIGN (0x4)
                0x2000070c                        _sbss_end = .

.bss            0x2000070c      0x994 load address 0x000144a8
                0x20000740                        . = ALIGN (0x40)
 *fill*         0x2000070c       0x34 
                0x20000740                        _bss_start = .
 *(.bss*)
 .bss           0x20000740      0x800 ./build/syscalls.o
                0x20000740                out_buf
 .bss.__sf      0x20000f40      0x138 /opt/riscv/lib/gcc/riscv32-unknown-elf/15.2.0/../../../../riscv32-unknown-elf/lib/libc.a(libc_a-findfp.o)
                0x20000f40                __sf
 .bss.__malloc_current_mallinfo
                0x20001078       0x28 /opt/riscv/lib/gcc/riscv32-unknown-elf/15.2.0/../../../../riscv32-unknown-elf/lib/libc.a(libc_a-mallocr.o)
                0x20001078                __malloc_current_mallinfo
 *(COMMON)
                0x200010a0                        . = ALIGN (0x4)
                0x200010a0                        _bss_end = .

.heap           0x200010a0     0x8000 load address 0x00014e3c
                0x200010a0                        . = ALIGN (0x8)
                0x200010a0                        _end = .
                0x200090a0                        . = (. + 0x8000)
 *fill*         0x200010a0     0x8000 
                0x200090a0                        _heap_end = .

.stack          0x200090a0     0x8000 load address 0x0001ce3c
                0x200090a0                        . = ALIGN (0x10)
                0x200090a0                        _stack_start = .
                0x200110a0                        . = (. + 0x8000)
 *fill*         0x200090a0     0x8000 
                0x200110a0                        _stack_top = .
OUTPUT(./build/firmware.elf elf32-littleriscv)

.riscv.attributes
                0x00000000       0x2a
 .riscv.attributes
                0x00000000       0x1a ./build/start.o
 .riscv.attributes
                0x0000001a       0x2a ./build/core_list_join.o
 .riscv.attributes
                0x00000044       0x2a ./build/core_main.o
 .riscv.attributes
                0x0000006e       0x2a ./build/core_matrix.o
 .riscv.attributes
                0x00000098       0x2a ./build/core_state.o
 .riscv.attributes
                0x000000c2       0x2a ./build/core_util.o
 .riscv.attributes
                0x000000ec       0x2a ./build/core_portme.o
 .riscv.attributes
                0x00000116       0x2a ./build/syscalls.o
 .riscv.attributes
                0x00000140       0x1c /opt/riscv/lib/gcc/riscv32-unknown-elf/15.2.0/../../../../riscv32-unknown-elf/lib/libc.a(libc_a-printf.o)
 .riscv.attributes
                0x0000015c       0x1c /opt/riscv/lib/gcc/riscv32-unknown-elf/15.2.0/../../../../riscv32-unknown-elf/lib/libc.a(libc_a-impure.o)
 .riscv.attributes
                0x00000178       0x1c /opt/riscv/lib/gcc/riscv32-unknown-elf/15.2.0/../../../../riscv32-unknown-elf/lib/libc.a(libc_a-errno.o)
 .riscv.attributes
                0x00000194       0x1c /opt/riscv/lib/gcc/riscv32-unknown-elf/15.2.0/../../../../riscv32-unknown-elf/lib/libc.a(libc_a-vfprintf.o)
 .riscv.attributes
                0x000001b0       0x1c /opt/riscv/lib/gcc/riscv32-unknown-elf/15.2.0/../../../../riscv32-unknown-elf/lib/libc.a(libc_a-sprint_r.o)
 .riscv.attributes
                0x000001cc       0x1c /opt/riscv/lib/gcc/riscv32-unknown-elf/15.2.0/../../../../riscv32-unknown-elf/lib/libc.a(libc_a-fflush.o)
 .riscv.attributes
                0x000001e8       0x1c /opt/riscv/lib/gcc/riscv32-unknown-elf/15.2.0/../../../../riscv32-unknown-elf/lib/libc.a(libc_a-findfp.o)
 .riscv.attributes
                0x00000204       0x1c /opt/riscv/lib/gcc/riscv32-unknown-elf/15.2.0/../../../../riscv32-unknown-elf/lib/libc.a(libc_a-fvwrite.o)
 .riscv.attributes
                0x00000220       0x1c /opt/riscv/lib/gcc/riscv32-unknown-elf/15.2.0/../../../../riscv32-unknown-elf/lib/libc.a(libc_a-fwalk.o)
 .riscv.attributes
                0x0000023c       0x1c /opt/riscv/lib/gcc/riscv32-unknown-elf/15.2.0/../../../../riscv32-unknown-elf/lib/libc.a(libc_a-stdio.o)
 .riscv.attributes
                0x00000258       0x1c /opt/riscv/lib/gcc/riscv32-unknown-elf/15.2.0/../../../../riscv32-unknown-elf/lib/libc.a(libc_a-wsetup.o)
 .riscv.attributes
                0x00000274       0x1c /opt/riscv/lib/gcc/riscv32-unknown-elf/15.2.0/../../../../riscv32-unknown-elf/lib/libc.a(libc_a-memchr.o)
 .riscv.attributes
                0x00000290       0x1c /opt/riscv/lib/gcc/riscv32-unknown-elf/15.2.0/../../../../riscv32-unknown-elf/lib/libc.a(libc_a-strncpy.o)
 .riscv.attributes
                0x000002ac       0x1c /opt/riscv/lib/gcc/riscv32-unknown-elf/15.2.0/../../../../riscv32-unknown-elf/lib/libc.a(libc_a-localeconv.o)
 .riscv.attributes
                0x000002c8       0x1c /opt/riscv/lib/gcc/riscv32-unknown-elf/15.2.0/../../../../riscv32-unknown-elf/lib/libc.a(libc_a-closer.o)
 .riscv.attributes
                0x000002e4       0x1c /opt/riscv/lib/gcc/riscv32-unknown-elf/15.2.0/../../../../riscv32-unknown-elf/lib/libc.a(libc_a-reent.o)
 .riscv.attributes
                0x00000300       0x1c /opt/riscv/lib/gcc/riscv32-unknown-elf/15.2.0/../../../../riscv32-unknown-elf/lib/libc.a(libc_a-lseekr.o)
 .riscv.attributes
                0x0000031c       0x1c /opt/riscv/lib/gcc/riscv32-unknown-elf/15.2.0/../../../../riscv32-unknown-elf/lib/libc.a(libc_a-readr.o)
 .riscv.attributes
                0x00000338       0x1c /opt/riscv/lib/gcc/riscv32-unknown-elf/15.2.0/../../../../riscv32-unknown-elf/lib/libc.a(libc_a-writer.o)
 .riscv.attributes
                0x00000354       0x1c /opt/riscv/lib/gcc/riscv32-unknown-elf/15.2.0/../../../../riscv32-unknown-elf/lib/libc.a(libc_a-memmove-stub.o)
 .riscv.attributes
                0x00000370       0x1a /opt/riscv/lib/gcc/riscv32-unknown-elf/15.2.0/../../../../riscv32-unknown-elf/lib/libc.a(libc_a-memset.o)
 .riscv.attributes
                0x0000038a       0x1c /opt/riscv/lib/gcc/riscv32-unknown-elf/15.2.0/../../../../riscv32-unknown-elf/lib/libc.a(libc_a-memcpy.o)
 .riscv.attributes
                0x000003a6       0x1c /opt/riscv/lib/gcc/riscv32-unknown-elf/15.2.0/../../../../riscv32-unknown-elf/lib/libc.a(libc_a-strlen.o)
 .riscv.attributes
                0x000003c2       0x1c /opt/riscv/lib/gcc/riscv32-unknown-elf/15.2.0/../../../../riscv32-unknown-elf/lib/libc.a(libm_a-frexpl.o)
 .riscv.attributes
                0x000003de       0x1c /opt/riscv/lib/gcc/riscv32-unknown-elf/15.2.0/../../../../riscv32-unknown-elf/lib/libc.a(libc_a-freer.o)
 .riscv.attributes
                0x000003fa       0x1c /opt/riscv/lib/gcc/riscv32-unknown-elf/15.2.0/../../../../riscv32-unknown-elf/lib/libc.a(libc_a-gdtoa-ldtoa.o)
 .riscv.attributes
                0x00000416       0x1c /opt/riscv/lib/gcc/riscv32-unknown-elf/15.2.0/../../../../riscv32-unknown-elf/lib/libc.a(libc_a-gdtoa-gdtoa.o)
 .riscv.attributes
                0x00000432       0x1c /opt/riscv/lib/gcc/riscv32-unknown-elf/15.2.0/../../../../riscv32-unknown-elf/lib/libc.a(libc_a-gdtoa-dmisc.o)
 .riscv.attributes
                0x0000044e       0x1c /opt/riscv/lib/gcc/riscv32-unknown-elf/15.2.0/../../../../riscv32-unknown-elf/lib/libc.a(libc_a-gdtoa-gmisc.o)
 .riscv.attributes
                0x0000046a       0x1c /opt/riscv/lib/gcc/riscv32-unknown-elf/15.2.0/../../../../riscv32-unknown-elf/lib/libc.a(libc_a-mallocr.o)
 .riscv.attributes
                0x00000486       0x1c /opt/riscv/lib/gcc/riscv32-unknown-elf/15.2.0/../../../../riscv32-unknown-elf/lib/libc.a(libc_a-mlock.o)
 .riscv.attributes
                0x000004a2       0x1c /opt/riscv/lib/gcc/riscv32-unknown-elf/15.2.0/../../../../riscv32-unknown-elf/lib/libc.a(libc_a-mprec.o)
 .riscv.attributes
                0x000004be       0x1c /opt/riscv/lib/gcc/riscv32-unknown-elf/15.2.0/../../../../riscv32-unknown-elf/lib/libc.a(libc_a-reallocr.o)
 .riscv.attributes
                0x000004da       0x1c /opt/riscv/lib/gcc/riscv32-unknown-elf/15.2.0/../../../../riscv32-unknown-elf/lib/libc.a(libc_a-fclose.o)
 .riscv.attributes
                0x000004f6       0x1c /opt/riscv/lib/gcc/riscv32-unknown-elf/15.2.0/../../../../riscv32-unknown-elf/lib/libc.a(libc_a-makebuf.o)
 .riscv.attributes
                0x00000512       0x1c /opt/riscv/lib/gcc/riscv32-unknown-elf/15.2.0/../../../../riscv32-unknown-elf/lib/libc.a(libc_a-locale.o)
 .riscv.attributes
                0x0000052e       0x1c /opt/riscv/lib/gcc/riscv32-unknown-elf/15.2.0/../../../../riscv32-unknown-elf/lib/libc.a(libc_a-fstatr.o)
 .riscv.attributes
                0x0000054a       0x1c /opt/riscv/lib/gcc/riscv32-unknown-elf/15.2.0/../../../../riscv32-unknown-elf/lib/libc.a(libc_a-isattyr.o)
 .riscv.attributes
                0x00000566       0x1c /opt/riscv/lib/gcc/riscv32-unknown-elf/15.2.0/../../../../riscv32-unknown-elf/lib/libc.a(libc_a-sbrkr.o)
 .riscv.attributes
                0x00000582       0x1c /opt/riscv/lib/gcc/riscv32-unknown-elf/15.2.0/../../../../riscv32-unknown-elf/lib/libc.a(libc_a-assert.o)
 .riscv.attributes
                0x0000059e       0x1c /opt/riscv/lib/gcc/riscv32-unknown-elf/15.2.0/../../../../riscv32-unknown-elf/lib/libc.a(libc_a-callocr.o)
 .riscv.attributes
                0x000005ba       0x1c /opt/riscv/lib/gcc/riscv32-unknown-elf/15.2.0/../../../../riscv32-unknown-elf/lib/libc.a(libc_a-mbtowc_r.o)
 .riscv.attributes
                0x000005d6       0x1c /opt/riscv/lib/gcc/riscv32-unknown-elf/15.2.0/../../../../riscv32-unknown-elf/lib/libc.a(libc_a-wctomb_r.o)
 .riscv.attributes
                0x000005f2       0x1c /opt/riscv/lib/gcc/riscv32-unknown-elf/15.2.0/../../../../riscv32-unknown-elf/lib/libc.a(libc_a-ctype_.o)
 .riscv.attributes
                0x0000060e       0x1c /opt/riscv/lib/gcc/riscv32-unknown-elf/15.2.0/../../../../riscv32-unknown-elf/lib/libc.a(libc_a-fiprintf.o)
 .riscv.attributes
                0x0000062a       0x1c /opt/riscv/lib/gcc/riscv32-unknown-elf/15.2.0/../../../../riscv32-unknown-elf/lib/libc.a(libc_a-vfiprintf.o)
 .riscv.attributes
                0x00000646       0x1c /opt/riscv/lib/gcc/riscv32-unknown-elf/15.2.0/../../../../riscv32-unknown-elf/lib/libc.a(libc_a-abort.o)
 .riscv.attributes
                0x00000662       0x1c /opt/riscv/lib/gcc/riscv32-unknown-elf/15.2.0/../../../../riscv32-unknown-elf/lib/libc.a(libc_a-signal.o)
 .riscv.attributes
                0x0000067e       0x1c /opt/riscv/lib/gcc/riscv32-unknown-elf/15.2.0/../../../../riscv32-unknown-elf/lib/libc.a(libc_a-signalr.o)
 .riscv.attributes
                0x0000069a       0x1c /opt/riscv/lib/gcc/riscv32-unknown-elf/15.2.0/../../../../riscv32-unknown-elf/lib/libgloss.a(riscv_libgloss_a-sys_getpid.o)
 .riscv.attributes
                0x000006b6       0x1c /opt/riscv/lib/gcc/riscv32-unknown-elf/15.2.0/../../../../riscv32-unknown-elf/lib/libgloss.a(riscv_libgloss_a-sys_kill.o)
 .riscv.attributes
                0x000006d2       0x1c /opt/riscv/lib/gcc/riscv32-unknown-elf/15.2.0/libgcc.a(_udivdi3.o)
 .riscv.attributes
                0x000006ee       0x1c /opt/riscv/lib/gcc/riscv32-unknown-elf/15.2.0/libgcc.a(_umoddi3.o)
 .riscv.attributes
                0x0000070a       0x1c /opt/riscv/lib/gcc/riscv32-unknown-elf/15.2.0/libgcc.a(adddf3.o)
 .riscv.attributes
                0x00000726       0x1c /opt/riscv/lib/gcc/riscv32-unknown-elf/15.2.0/libgcc.a(divdf3.o)
 .riscv.attributes
                0x00000742       0x1c /opt/riscv/lib/gcc/riscv32-unknown-elf/15.2.0/libgcc.a(eqdf2.o)
 .riscv.attributes
                0x0000075e       0x1c /opt/riscv/lib/gcc/riscv32-unknown-elf/15.2.0/libgcc.a(gedf2.o)
 .riscv.attributes
                0x0000077a       0x1c /opt/riscv/lib/gcc/riscv32-unknown-elf/15.2.0/libgcc.a(ledf2.o)
 .riscv.attributes
                0x00000796       0x1c /opt/riscv/lib/gcc/riscv32-unknown-elf/15.2.0/libgcc.a(muldf3.o)
 .riscv.attributes
                0x000007b2       0x1c /opt/riscv/lib/gcc/riscv32-unknown-elf/15.2.0/libgcc.a(subdf3.o)
 .riscv.attributes
                0x000007ce       0x1c /opt/riscv/lib/gcc/riscv32-unknown-elf/15.2.0/libgcc.a(fixdfsi.o)
 .riscv.attributes
                0x000007ea       0x1c /opt/riscv/lib/gcc/riscv32-unknown-elf/15.2.0/libgcc.a(floatsidf.o)
 .riscv.attributes
                0x00000806       0x1c /opt/riscv/lib/gcc/riscv32-unknown-elf/15.2.0/libgcc.a(eqtf2.o)
 .riscv.attributes
                0x00000822       0x1c /opt/riscv/lib/gcc/riscv32-unknown-elf/15.2.0/libgcc.a(getf2.o)
 .riscv.attributes
                0x0000083e       0x1c /opt/riscv/lib/gcc/riscv32-unknown-elf/15.2.0/libgcc.a(letf2.o)
 .riscv.attributes
                0x0000085a       0x1c /opt/riscv/lib/gcc/riscv32-unknown-elf/15.2.0/libgcc.a(multf3.o)
 .riscv.attributes
                0x00000876       0x1c /opt/riscv/lib/gcc/riscv32-unknown-elf/15.2.0/libgcc.a(subtf3.o)
 .riscv.attributes
                0x00000892       0x1c /opt/riscv/lib/gcc/riscv32-unknown-elf/15.2.0/libgcc.a(unordtf2.o)
 .riscv.attributes
                0x000008ae       0x1c /opt/riscv/lib/gcc/riscv32-unknown-elf/15.2.0/libgcc.a(fixtfsi.o)
 .riscv.attributes
                0x000008ca       0x1c /opt/riscv/lib/gcc/riscv32-unknown-elf/15.2.0/libgcc.a(floatsitf.o)
 .riscv.attributes
                0x000008e6       0x1c /opt/riscv/lib/gcc/riscv32-unknown-elf/15.2.0/libgcc.a(extenddftf2.o)
 .riscv.attributes
                0x00000902       0x1a /opt/riscv/lib/gcc/riscv32-unknown-elf/15.2.0/libgcc.a(muldi3.o)
 .riscv.attributes
                0x0000091c       0x1a /opt/riscv/lib/gcc/riscv32-unknown-elf/15.2.0/libgcc.a(div.o)
 .riscv.attributes
                0x00000936       0x1c /opt/riscv/lib/gcc/riscv32-unknown-elf/15.2.0/libgcc.a(_clz.o)
 .riscv.attributes
                0x00000952       0x1c /opt/riscv/lib/gcc/riscv32-unknown-elf/15.2.0/libgcc.a(_clzsi2.o)

.comment        0x00000000       0x2b
 .comment       0x00000000       0x2b ./build/core_list_join.o
                                 0x1a (size before relaxing)
 .comment       0x0000002b        0x0 ./build/core_main.o
                                 0x1a (size before relaxing)
 .comment       0x0000002b        0x0 ./build/core_matrix.o
                                 0x1a (size before relaxing)
 .comment       0x0000002b        0x0 ./build/core_state.o
                                 0x1a (size before relaxing)
 .comment       0x0000002b        0x0 ./build/core_util.o
                                 0x1a (size before relaxing)
 .comment       0x0000002b        0x0 ./build/core_portme.o
                                 0x1a (size before relaxing)
 .comment       0x0000002b        0x0 ./build/syscalls.o
                                 0x1a (size before relaxing)
 .comment       0x0000002b        0x0 /opt/riscv/lib/gcc/riscv32-unknown-elf/15.2.0/../../../../riscv32-unknown-elf/lib/libc.a(libc_a-printf.o)
                                 0x13 (size before relaxing)
 .comment       0x0000002b        0x0 /opt/riscv/lib/gcc/riscv32-unknown-elf/15.2.0/../../../../riscv32-unknown-elf/lib/libc.a(libc_a-impure.o)
                                 0x13 (size before relaxing)
 .comment       0x0000002b        0x0 /opt/riscv/lib/gcc/riscv32-unknown-elf/15.2.0/../../../../riscv32-unknown-elf/lib/libc.a(libc_a-errno.o)
                                 0x13 (size before relaxing)
 .comment       0x0000002b        0x0 /opt/riscv/lib/gcc/riscv32-unknown-elf/15.2.0/../../../../riscv32-unknown-elf/lib/libc.a(libc_a-vfprintf.o)
                                 0x13 (size before relaxing)
 .comment       0x0000002b        0x0 /opt/riscv/lib/gcc/riscv32-unknown-elf/15.2.0/../../../../riscv32-unknown-elf/lib/libc.a(libc_a-sprint_r.o)
                                 0x13 (size before relaxing)
 .comment       0x0000002b        0x0 /opt/riscv/lib/gcc/riscv32-unknown-elf/15.2.0/../../../../riscv32-unknown-elf/lib/libc.a(libc_a-fflush.o)
                                 0x13 (size before relaxing)
 .comment       0x0000002b        0x0 /opt/riscv/lib/gcc/riscv32-unknown-elf/15.2.0/../../../../riscv32-unknown-elf/lib/libc.a(libc_a-findfp.o)
                                 0x13 (size before relaxing)
 .comment       0x0000002b        0x0 /opt/riscv/lib/gcc/riscv32-unknown-elf/15.2.0/../../../../riscv32-unknown-elf/lib/libc.a(libc_a-fvwrite.o)
                                 0x13 (size before relaxing)
 .comment       0x0000002b        0x0 /opt/riscv/lib/gcc/riscv32-unknown-elf/15.2.0/../../../../riscv32-unknown-elf/lib/libc.a(libc_a-fwalk.o)
                                 0x13 (size before relaxing)
 .comment       0x0000002b        0x0 /opt/riscv/lib/gcc/riscv32-unknown-elf/15.2.0/../../../../riscv32-unknown-elf/lib/libc.a(libc_a-stdio.o)
                                 0x13 (size before relaxing)
 .comment       0x0000002b        0x0 /opt/riscv/lib/gcc/riscv32-unknown-elf/15.2.0/../../../../riscv32-unknown-elf/lib/libc.a(libc_a-wsetup.o)
                                 0x13 (size before relaxing)
 .comment       0x0000002b        0x0 /opt/riscv/lib/gcc/riscv32-unknown-elf/15.2.0/../../../../riscv32-unknown-elf/lib/libc.a(libc_a-memchr.o)
                                 0x13 (size before relaxing)
 .comment       0x0000002b        0x0 /opt/riscv/lib/gcc/riscv32-unknown-elf/15.2.0/../../../../riscv32-unknown-elf/lib/libc.a(libc_a-strncpy.o)
                                 0x13 (size before relaxing)
 .comment       0x0000002b        0x0 /opt/riscv/lib/gcc/riscv32-unknown-elf/15.2.0/../../../../riscv32-unknown-elf/lib/libc.a(libc_a-localeconv.o)
                                 0x13 (size before relaxing)
 .comment       0x0000002b        0x0 /opt/riscv/lib/gcc/riscv32-unknown-elf/15.2.0/../../../../riscv32-unknown-elf/lib/libc.a(libc_a-closer.o)
                                 0x13 (size before relaxing)
 .comment       0x0000002b        0x0 /opt/riscv/lib/gcc/riscv32-unknown-elf/15.2.0/../../../../riscv32-unknown-elf/lib/libc.a(libc_a-reent.o)
                                 0x13 (size before relaxing)
 .comment       0x0000002b        0x0 /opt/riscv/lib/gcc/riscv32-unknown-elf/15.2.0/../../../../riscv32-unknown-elf/lib/libc.a(libc_a-lseekr.o)
                                 0x13 (size before relaxing)
 .comment       0x0000002b        0x0 /opt/riscv/lib/gcc/riscv32-unknown-elf/15.2.0/../../../../riscv32-unknown-elf/lib/libc.a(libc_a-readr.o)
                                 0x13 (size before relaxing)
 .comment       0x0000002b        0x0 /opt/riscv/lib/gcc/riscv32-unknown-elf/15.2.0/../../../../riscv32-unknown-elf/lib/libc.a(libc_a-writer.o)
                                 0x13 (size before relaxing)
 .comment       0x0000002b        0x0 /opt/riscv/lib/gcc/riscv32-unknown-elf/15.2.0/../../../../riscv32-unknown-elf/lib/libc.a(libc_a-memmove-stub.o)
                                 0x13 (size before relaxing)
 .comment       0x0000002b        0x0 /opt/riscv/lib/gcc/riscv32-unknown-elf/15.2.0/../../../../riscv32-unknown-elf/lib/libc.a(libc_a-memcpy.o)
                                 0x13 (size before relaxing)
 .comment       0x0000002b        0x0 /opt/riscv/lib/gcc/riscv32-unknown-elf/15.2.0/../../../../riscv32-unknown-elf/lib/libc.a(libc_a-strlen.o)
                                 0x13 (size before relaxing)
 .comment       0x0000002b        0x0 /opt/riscv/lib/gcc/riscv32-unknown-elf/15.2.0/../../../../riscv32-unknown-elf/lib/libc.a(libm_a-frexpl.o)
                                 0x13 (size before relaxing)
 .comment       0x0000002b        0x0 /opt/riscv/lib/gcc/riscv32-unknown-elf/15.2.0/../../../../riscv32-unknown-elf/lib/libc.a(libc_a-freer.o)
                                 0x13 (size before relaxing)
 .comment       0x0000002b        0x0 /opt/riscv/lib/gcc/riscv32-unknown-elf/15.2.0/../../../../riscv32-unknown-elf/lib/libc.a(libc_a-gdtoa-ldtoa.o)
                                 0x13 (size before relaxing)
 .comment       0x0000002b        0x0 /opt/riscv/lib/gcc/riscv32-unknown-elf/15.2.0/../../../../riscv32-unknown-elf/lib/libc.a(libc_a-gdtoa-gdtoa.o)
                                 0x13 (size before relaxing)
 .comment       0x0000002b        0x0 /opt/riscv/lib/gcc/riscv32-unknown-elf/15.2.0/../../../../riscv32-unknown-elf/lib/libc.a(libc_a-gdtoa-dmisc.o)
                                 0x13 (size before relaxing)
 .comment       0x0000002b        0x0 /opt/riscv/lib/gcc/riscv32-unknown-elf/15.2.0/../../../../riscv32-unknown-elf/lib/libc.a(libc_a-gdtoa-gmisc.o)
                                 0x13 (size before relaxing)
 .comment       0x0000002b        0x0 /opt/riscv/lib/gcc/riscv32-unknown-elf/15.2.0/../../../../riscv32-unknown-elf/lib/libc.a(libc_a-mallocr.o)
                                 0x13 (size before relaxing)
 .comment       0x0000002b        0x0 /opt/riscv/lib/gcc/riscv32-unknown-elf/15.2.0/../../../../riscv32-unknown-elf/lib/libc.a(libc_a-mlock.o)
                                 0x13 (size before relaxing)
 .comment       0x0000002b        0x0 /opt/riscv/lib/gcc/riscv32-unknown-elf/15.2.0/../../../../riscv32-unknown-elf/lib/libc.a(libc_a-mprec.o)
                                 0x13 (size before relaxing)
 .comment       0x0000002b        0x0 /opt/riscv/lib/gcc/riscv32-unknown-elf/15.2.0/../../../../riscv32-unknown-elf/lib/libc.a(libc_a-reallocr.o)
                                 0x13 (size before relaxing)
 .comment       0x0000002b        0x0 /opt/riscv/lib/gcc/riscv32-unknown-elf/15.2.0/../../../../riscv32-unknown-elf/lib/libc.a(libc_a-fclose.o)
                                 0x13 (size before relaxing)
 .comment       0x0000002b        0x0 /opt/riscv/lib/gcc/riscv32-unknown-elf/15.2.0/../../../../riscv32-unknown-elf/lib/libc.a(libc_a-makebuf.o)
                                 0x13 (size before relaxing)
 .comment       0x0000002b        0x0 /opt/riscv/lib/gcc/riscv32-unknown-elf/15.2.0/../../../../riscv32-unknown-elf/lib/libc.a(libc_a-locale.o)
                                 0x13 (size before relaxing)
 .comment       0x0000002b        0x0 /opt/riscv/lib/gcc/riscv32-unknown-elf/15.2.0/../../../../riscv32-unknown-elf/lib/libc.a(libc_a-fstatr.o)
                                 0x13 (size before relaxing)
 .comment       0x0000002b        0x0 /opt/riscv/lib/gcc/riscv32-unknown-elf/15.2.0/../../../../riscv32-unknown-elf/lib/libc.a(libc_a-isattyr.o)
                                 0x13 (size before relaxing)
 .comment       0x0000002b        0x0 /opt/riscv/lib/gcc/riscv32-unknown-elf/15.2.0/../../../../riscv32-unknown-elf/lib/libc.a(libc_a-sbrkr.o)
                                 0x13 (size before relaxing)
 .comment       0x0000002b        0x0 /opt/riscv/lib/gcc/riscv32-unknown-elf/15.2.0/../../../../riscv32-unknown-elf/lib/libc.a(libc_a-assert.o)
                                 0x13 (size before relaxing)
 .comment       0x0000002b        0x0 /opt/riscv/lib/gcc/riscv32-unknown-elf/15.2.0/../../../../riscv32-unknown-elf/lib/libc.a(libc_a-callocr.o)
                                 0x13 (size before relaxing)
 .comment       0x0000002b        0x0 /opt/riscv/lib/gcc/riscv32-unknown-elf/15.2.0/../../../../riscv32-unknown-elf/lib/libc.a(libc_a-mbtowc_r.o)
                                 0x13 (size before relaxing)
 .comment       0x0000002b        0x0 /opt/riscv/lib/gcc/riscv32-unknown-elf/15.2.0/../../../../riscv32-unknown-elf/lib/libc.a(libc_a-wctomb_r.o)
                                 0x13 (size before relaxing)
 .comment       0x0000002b        0x0 /opt/riscv/lib/gcc/riscv32-unknown-elf/15.2.0/../../../../riscv32-unknown-elf/lib/libc.a(libc_a-ctype_.o)
                                 0x13 (size before relaxing)
 .comment       0x0000002b        0x0 /opt/riscv/lib/gcc/riscv32-unknown-elf/15.2.0/../../../../riscv32-unknown-elf/lib/libc.a(libc_a-fiprintf.o)
                                 0x13 (size before relaxing)
 .comment       0x0000002b        0x0 /opt/riscv/lib/gcc/riscv32-unknown-elf/15.2.0/../../../../riscv32-unknown-elf/lib/libc.a(libc_a-vfiprintf.o)
                                 0x13 (size before relaxing)
 .comment       0x0000002b        0x0 /opt/riscv/lib/gcc/riscv32-unknown-elf/15.2.0/../../../../riscv32-unknown-elf/lib/libc.a(libc_a-abort.o)
                                 0x13 (size before relaxing)
 .comment       0x0000002b        0x0 /opt/riscv/lib/gcc/riscv32-unknown-elf/15.2.0/../../../../riscv32-unknown-elf/lib/libc.a(libc_a-signal.o)
                                 0x13 (size before relaxing)
 .comment       0x0000002b        0x0 /opt/riscv/lib/gcc/riscv32-unknown-elf/15.2.0/../../../../riscv32-unknown-elf/lib/libc.a(libc_a-signalr.o)
                                 0x13 (size before relaxing)
 .comment       0x0000002b        0x0 /opt/riscv/lib/gcc/riscv32-unknown-elf/15.2.0/../../../../riscv32-unknown-elf/lib/libgloss.a(riscv_libgloss_a-sys_getpid.o)
                                 0x13 (size before relaxing)
 .comment       0x0000002b        0x0 /opt/riscv/lib/gcc/riscv32-unknown-elf/15.2.0/../../../../riscv32-unknown-elf/lib/libgloss.a(riscv_libgloss_a-sys_kill.o)
                                 0x13 (size before relaxing)
 .comment       0x0000002b        0x0 /opt/riscv/lib/gcc/riscv32-unknown-elf/15.2.0/libgcc.a(_udivdi3.o)
                                 0x1a (size before relaxing)
 .comment       0x0000002b        0x0 /opt/riscv/lib/gcc/riscv32-unknown-elf/15.2.0/libgcc.a(_umoddi3.o)
                                 0x1a (size before relaxing)
 .comment       0x0000002b        0x0 /opt/riscv/lib/gcc/riscv32-unknown-elf/15.2.0/libgcc.a(adddf3.o)
                                 0x1a (size before relaxing)
 .comment       0x0000002b        0x0 /opt/riscv/lib/gcc/riscv32-unknown-elf/15.2.0/libgcc.a(divdf3.o)
                                 0x1a (size before relaxing)
 .comment       0x0000002b        0x0 /opt/riscv/lib/gcc/riscv32-unknown-elf/15.2.0/libgcc.a(eqdf2.o)
                                 0x1a (size before relaxing)
 .comment       0x0000002b        0x0 /opt/riscv/lib/gcc/riscv32-unknown-elf/15.2.0/libgcc.a(gedf2.o)
                                 0x1a (size before relaxing)
 .comment       0x0000002b        0x0 /opt/riscv/lib/gcc/riscv32-unknown-elf/15.2.0/libgcc.a(ledf2.o)
                                 0x1a (size before relaxing)
 .comment       0x0000002b        0x0 /opt/riscv/lib/gcc/riscv32-unknown-elf/15.2.0/libgcc.a(muldf3.o)
                                 0x1a (size before relaxing)
 .comment       0x0000002b        0x0 /opt/riscv/lib/gcc/riscv32-unknown-elf/15.2.0/libgcc.a(subdf3.o)
                                 0x1a (size before relaxing)
 .comment       0x0000002b        0x0 /opt/riscv/lib/gcc/riscv32-unknown-elf/15.2.0/libgcc.a(fixdfsi.o)
                                 0x1a (size before relaxing)
 .comment       0x0000002b        0x0 /opt/riscv/lib/gcc/riscv32-unknown-elf/15.2.0/libgcc.a(floatsidf.o)
                                 0x1a (size before relaxing)
 .comment       0x0000002b        0x0 /opt/riscv/lib/gcc/riscv32-unknown-elf/15.2.0/libgcc.a(eqtf2.o)
                                 0x1a (size before relaxing)
 .comment       0x0000002b        0x0 /opt/riscv/lib/gcc/riscv32-unknown-elf/15.2.0/libgcc.a(getf2.o)
                                 0x1a (size before relaxing)
 .comment       0x0000002b        0x0 /opt/riscv/lib/gcc/riscv32-unknown-elf/15.2.0/libgcc.a(letf2.o)
                                 0x1a (size before relaxing)
 .comment       0x0000002b        0x0 /opt/riscv/lib/gcc/riscv32-unknown-elf/15.2.0/libgcc.a(multf3.o)
                                 0x1a (size before relaxing)
 .comment       0x0000002b        0x0 /opt/riscv/lib/gcc/riscv32-unknown-elf/15.2.0/libgcc.a(subtf3.o)
                                 0x1a (size before relaxing)
 .comment       0x0000002b        0x0 /opt/riscv/lib/gcc/riscv32-unknown-elf/15.2.0/libgcc.a(unordtf2.o)
                                 0x1a (size before relaxing)
 .comment       0x0000002b        0x0 /opt/riscv/lib/gcc/riscv32-unknown-elf/15.2.0/libgcc.a(fixtfsi.o)
                                 0x1a (size before relaxing)
 .comment       0x0000002b        0x0 /opt/riscv/lib/gcc/riscv32-unknown-elf/15.2.0/libgcc.a(floatsitf.o)
                                 0x1a (size before relaxing)
 .comment       0x0000002b        0x0 /opt/riscv/lib/gcc/riscv32-unknown-elf/15.2.0/libgcc.a(extenddftf2.o)
                                 0x1a (size before relaxing)
 .comment       0x0000002b        0x0 /opt/riscv/lib/gcc/riscv32-unknown-elf/15.2.0/libgcc.a(_clz.o)
                                 0x1a (size before relaxing)
 .comment       0x0000002b        0x0 /opt/riscv/lib/gcc/riscv32-unknown-elf/15.2.0/libgcc.a(_clzsi2.o)
                                 0x1a (size before relaxing)

.note.GNU-stack
                0x00000000        0x0
 .note.GNU-stack
                0x00000000        0x0 ./build/core_list_join.o
 .note.GNU-stack
                0x00000000        0x0 ./build/core_main.o
 .note.GNU-stack
                0x00000000        0x0 ./build/core_matrix.o
 .note.GNU-stack
                0x00000000        0x0 ./build/core_state.o
 .note.GNU-stack
                0x00000000        0x0 ./build/core_util.o
 .note.GNU-stack
                0x00000000        0x0 ./build/core_portme.o
 .note.GNU-stack
                0x00000000        0x0 ./build/syscalls.o
 .note.GNU-stack
                0x00000000        0x0 /opt/riscv/lib/gcc/riscv32-unknown-elf/15.2.0/../../../../riscv32-unknown-elf/lib/libc.a(libc_a-printf.o)
 .note.GNU-stack
                0x00000000        0x0 /opt/riscv/lib/gcc/riscv32-unknown-elf/15.2.0/../../../../riscv32-unknown-elf/lib/libc.a(libc_a-impure.o)
 .note.GNU-stack
                0x00000000        0x0 /opt/riscv/lib/gcc/riscv32-unknown-elf/15.2.0/../../../../riscv32-unknown-elf/lib/libc.a(libc_a-errno.o)
 .note.GNU-stack
                0x00000000        0x0 /opt/riscv/lib/gcc/riscv32-unknown-elf/15.2.0/../../../../riscv32-unknown-elf/lib/libc.a(libc_a-vfprintf.o)
 .note.GNU-stack
                0x00000000        0x0 /opt/riscv/lib/gcc/riscv32-unknown-elf/15.2.0/../../../../riscv32-unknown-elf/lib/libc.a(libc_a-sprint_r.o)
 .note.GNU-stack
                0x00000000        0x0 /opt/riscv/lib/gcc/riscv32-unknown-elf/15.2.0/../../../../riscv32-unknown-elf/lib/libc.a(libc_a-fflush.o)
 .note.GNU-stack
                0x00000000        0x0 /opt/riscv/lib/gcc/riscv32-unknown-elf/15.2.0/../../../../riscv32-unknown-elf/lib/libc.a(libc_a-findfp.o)
 .note.GNU-stack
                0x00000000        0x0 /opt/riscv/lib/gcc/riscv32-unknown-elf/15.2.0/../../../../riscv32-unknown-elf/lib/libc.a(libc_a-fvwrite.o)
 .note.GNU-stack
                0x00000000        0x0 /opt/riscv/lib/gcc/riscv32-unknown-elf/15.2.0/../../../../riscv32-unknown-elf/lib/libc.a(libc_a-fwalk.o)
 .note.GNU-stack
                0x00000000        0x0 /opt/riscv/lib/gcc/riscv32-unknown-elf/15.2.0/../../../../riscv32-unknown-elf/lib/libc.a(libc_a-stdio.o)
 .note.GNU-stack
                0x00000000        0x0 /opt/riscv/lib/gcc/riscv32-unknown-elf/15.2.0/../../../../riscv32-unknown-elf/lib/libc.a(libc_a-wsetup.o)
 .note.GNU-stack
                0x00000000        0x0 /opt/riscv/lib/gcc/riscv32-unknown-elf/15.2.0/../../../../riscv32-unknown-elf/lib/libc.a(libc_a-memchr.o)
 .note.GNU-stack
                0x00000000        0x0 /opt/riscv/lib/gcc/riscv32-unknown-elf/15.2.0/../../../../riscv32-unknown-elf/lib/libc.a(libc_a-strncpy.o)
 .note.GNU-stack
                0x00000000        0x0 /opt/riscv/lib/gcc/riscv32-unknown-elf/15.2.0/../../../../riscv32-unknown-elf/lib/libc.a(libc_a-localeconv.o)
 .note.GNU-stack
                0x00000000        0x0 /opt/riscv/lib/gcc/riscv32-unknown-elf/15.2.0/../../../../riscv32-unknown-elf/lib/libc.a(libc_a-closer.o)
 .note.GNU-stack
                0x00000000        0x0 /opt/riscv/lib/gcc/riscv32-unknown-elf/15.2.0/../../../../riscv32-unknown-elf/lib/libc.a(libc_a-reent.o)
 .note.GNU-stack
                0x00000000        0x0 /opt/riscv/lib/gcc/riscv32-unknown-elf/15.2.0/../../../../riscv32-unknown-elf/lib/libc.a(libc_a-lseekr.o)
 .note.GNU-stack
                0x00000000        0x0 /opt/riscv/lib/gcc/riscv32-unknown-elf/15.2.0/../../../../riscv32-unknown-elf/lib/libc.a(libc_a-readr.o)
 .note.GNU-stack
                0x00000000        0x0 /opt/riscv/lib/gcc/riscv32-unknown-elf/15.2.0/../../../../riscv32-unknown-elf/lib/libc.a(libc_a-writer.o)
 .note.GNU-stack
                0x00000000        0x0 /opt/riscv/lib/gcc/riscv32-unknown-elf/15.2.0/../../../../riscv32-unknown-elf/lib/libc.a(libc_a-memmove-stub.o)
 .note.GNU-stack
                0x00000000        0x0 /opt/riscv/lib/gcc/riscv32-unknown-elf/15.2.0/../../../../riscv32-unknown-elf/lib/libc.a(libc_a-memcpy.o)
 .note.GNU-stack
                0x00000000        0x0 /opt/riscv/lib/gcc/riscv32-unknown-elf/15.2.0/../../../../riscv32-unknown-elf/lib/libc.a(libc_a-strlen.o)
 .note.GNU-stack
                0x00000000        0x0 /opt/riscv/lib/gcc/riscv32-unknown-elf/15.2.0/../../../../riscv32-unknown-elf/lib/libc.a(libm_a-frexpl.o)
 .note.GNU-stack
                0x00000000        0x0 /opt/riscv/lib/gcc/riscv32-unknown-elf/15.2.0/../../../../riscv32-unknown-elf/lib/libc.a(libc_a-freer.o)
 .note.GNU-stack
                0x00000000        0x0 /opt/riscv/lib/gcc/riscv32-unknown-elf/15.2.0/../../../../riscv32-unknown-elf/lib/libc.a(libc_a-gdtoa-ldtoa.o)
 .note.GNU-stack
                0x00000000        0x0 /opt/riscv/lib/gcc/riscv32-unknown-elf/15.2.0/../../../../riscv32-unknown-elf/lib/libc.a(libc_a-gdtoa-gdtoa.o)
 .note.GNU-stack
                0x00000000        0x0 /opt/riscv/lib/gcc/riscv32-unknown-elf/15.2.0/../../../../riscv32-unknown-elf/lib/libc.a(libc_a-gdtoa-dmisc.o)
 .note.GNU-stack
                0x00000000        0x0 /opt/riscv/lib/gcc/riscv32-unknown-elf/15.2.0/../../../../riscv32-unknown-elf/lib/libc.a(libc_a-gdtoa-gmisc.o)
 .note.GNU-stack
                0x00000000        0x0 /opt/riscv/lib/gcc/riscv32-unknown-elf/15.2.0/../../../../riscv32-unknown-elf/lib/libc.a(libc_a-mallocr.o)
 .note.GNU-stack
                0x00000000        0x0 /opt/riscv/lib/gcc/riscv32-unknown-elf/15.2.0/../../../../riscv32-unknown-elf/lib/libc.a(libc_a-mlock.o)
 .note.GNU-stack
                0x00000000        0x0 /opt/riscv/lib/gcc/riscv32-unknown-elf/15.2.0/../../../../riscv32-unknown-elf/lib/libc.a(libc_a-mprec.o)
 .note.GNU-stack
                0x00000000        0x0 /opt/riscv/lib/gcc/riscv32-unknown-elf/15.2.0/../../../../riscv32-unknown-elf/lib/libc.a(libc_a-reallocr.o)
 .note.GNU-stack
                0x00000000        0x0 /opt/riscv/lib/gcc/riscv32-unknown-elf/15.2.0/../../../../riscv32-unknown-elf/lib/libc.a(libc_a-fclose.o)
 .note.GNU-stack
                0x00000000        0x0 /opt/riscv/lib/gcc/riscv32-unknown-elf/15.2.0/../../../../riscv32-unknown-elf/lib/libc.a(libc_a-makebuf.o)
 .note.GNU-stack
                0x00000000        0x0 /opt/riscv/lib/gcc/riscv32-unknown-elf/15.2.0/../../../../riscv32-unknown-elf/lib/libc.a(libc_a-locale.o)
 .note.GNU-stack
                0x00000000        0x0 /opt/riscv/lib/gcc/riscv32-unknown-elf/15.2.0/../../../../riscv32-unknown-elf/lib/libc.a(libc_a-fstatr.o)
 .note.GNU-stack
                0x00000000        0x0 /opt/riscv/lib/gcc/riscv32-unknown-elf/15.2.0/../../../../riscv32-unknown-elf/lib/libc.a(libc_a-isattyr.o)
 .note.GNU-stack
                0x00000000        0x0 /opt/riscv/lib/gcc/riscv32-unknown-elf/15.2.0/../../../../riscv32-unknown-elf/lib/libc.a(libc_a-sbrkr.o)
 .note.GNU-stack
                0x00000000        0x0 /opt/riscv/lib/gcc/riscv32-unknown-elf/15.2.0/../../../../riscv32-unknown-elf/lib/libc.a(libc_a-assert.o)
 .note.GNU-stack
                0x00000000        0x0 /opt/riscv/lib/gcc/riscv32-unknown-elf/15.2.0/../../../../riscv32-unknown-elf/lib/libc.a(libc_a-callocr.o)
 .note.GNU-stack
                0x00000000        0x0 /opt/riscv/lib/gcc/riscv32-unknown-elf/15.2.0/../../../../riscv32-unknown-elf/lib/libc.a(libc_a-mbtowc_r.o)
 .note.GNU-stack
                0x00000000        0x0 /opt/riscv/lib/gcc/riscv32-unknown-elf/15.2.0/../../../../riscv32-unknown-elf/lib/libc.a(libc_a-wctomb_r.o)
 .note.GNU-stack
                0x00000000        0x0 /opt/riscv/lib/gcc/riscv32-unknown-elf/15.2.0/../../../../riscv32-unknown-elf/lib/libc.a(libc_a-ctype_.o)
 .note.GNU-stack
                0x00000000        0x0 /opt/riscv/lib/gcc/riscv32-unknown-elf/15.2.0/../../../../riscv32-unknown-elf/lib/libc.a(libc_a-fiprintf.o)
 .note.GNU-stack
                0x00000000        0x0 /opt/riscv/lib/gcc/riscv32-unknown-elf/15.2.0/../../../../riscv32-unknown-elf/lib/libc.a(libc_a-vfiprintf.o)
 .note.GNU-stack
                0x00000000        0x0 /opt/riscv/lib/gcc/riscv32-unknown-elf/15.2.0/../../../../riscv32-unknown-elf/lib/libc.a(libc_a-abort.o)
 .note.GNU-stack
                0x00000000        0x0 /opt/riscv/lib/gcc/riscv32-unknown-elf/15.2.0/../../../../riscv32-unknown-elf/lib/libc.a(libc_a-signal.o)
 .note.GNU-stack
                0x00000000        0x0 /opt/riscv/lib/gcc/riscv32-unknown-elf/15.2.0/../../../../riscv32-unknown-elf/lib/libc.a(libc_a-signalr.o)
 .note.GNU-stack
                0x00000000        0x0 /opt/riscv/lib/gcc/riscv32-unknown-elf/15.2.0/../../../../riscv32-unknown-elf/lib/libgloss.a(riscv_libgloss_a-sys_getpid.o)
 .note.GNU-stack
                0x00000000        0x0 /opt/riscv/lib/gcc/riscv32-unknown-elf/15.2.0/../../../../riscv32-unknown-elf/lib/libgloss.a(riscv_libgloss_a-sys_kill.o)
 .note.GNU-stack
                0x00000000        0x0 /opt/riscv/lib/gcc/riscv32-unknown-elf/15.2.0/libgcc.a(_udivdi3.o)
 .note.GNU-stack
                0x00000000        0x0 /opt/riscv/lib/gcc/riscv32-unknown-elf/15.2.0/libgcc.a(_umoddi3.o)
 .note.GNU-stack
                0x00000000        0x0 /opt/riscv/lib/gcc/riscv32-unknown-elf/15.2.0/libgcc.a(adddf3.o)
 .note.GNU-stack
                0x00000000        0x0 /opt/riscv/lib/gcc/riscv32-unknown-elf/15.2.0/libgcc.a(divdf3.o)
 .note.GNU-stack
                0x00000000        0x0 /opt/riscv/lib/gcc/riscv32-unknown-elf/15.2.0/libgcc.a(eqdf2.o)
 .note.GNU-stack
                0x00000000        0x0 /opt/riscv/lib/gcc/riscv32-unknown-elf/15.2.0/libgcc.a(gedf2.o)
 .note.GNU-stack
                0x00000000        0x0 /opt/riscv/lib/gcc/riscv32-unknown-elf/15.2.0/libgcc.a(ledf2.o)
 .note.GNU-stack
                0x00000000        0x0 /opt/riscv/lib/gcc/riscv32-unknown-elf/15.2.0/libgcc.a(muldf3.o)
 .note.GNU-stack
                0x00000000        0x0 /opt/riscv/lib/gcc/riscv32-unknown-elf/15.2.0/libgcc.a(subdf3.o)
 .note.GNU-stack
                0x00000000        0x0 /opt/riscv/lib/gcc/riscv32-unknown-elf/15.2.0/libgcc.a(fixdfsi.o)
 .note.GNU-stack
                0x00000000        0x0 /opt/riscv/lib/gcc/riscv32-unknown-elf/15.2.0/libgcc.a(floatsidf.o)
 .note.GNU-stack
                0x00000000        0x0 /opt/riscv/lib/gcc/riscv32-unknown-elf/15.2.0/libgcc.a(eqtf2.o)
 .note.GNU-stack
                0x00000000        0x0 /opt/riscv/lib/gcc/riscv32-unknown-elf/15.2.0/libgcc.a(getf2.o)
 .note.GNU-stack
                0x00000000        0x0 /opt/riscv/lib/gcc/riscv32-unknown-elf/15.2.0/libgcc.a(letf2.o)
 .note.GNU-stack
                0x00000000        0x0 /opt/riscv/lib/gcc/riscv32-unknown-elf/15.2.0/libgcc.a(multf3.o)
 .note.GNU-stack
                0x00000000        0x0 /opt/riscv/lib/gcc/riscv32-unknown-elf/15.2.0/libgcc.a(subtf3.o)
 .note.GNU-stack
                0x00000000        0x0 /opt/riscv/lib/gcc/riscv32-unknown-elf/15.2.0/libgcc.a(unordtf2.o)
 .note.GNU-stack
                0x00000000        0x0 /opt/riscv/lib/gcc/riscv32-unknown-elf/15.2.0/libgcc.a(fixtfsi.o)
 .note.GNU-stack
                0x00000000        0x0 /opt/riscv/lib/gcc/riscv32-unknown-elf/15.2.0/libgcc.a(floatsitf.o)
 .note.GNU-stack
                0x00000000        0x0 /opt/riscv/lib/gcc/riscv32-unknown-elf/15.2.0/libgcc.a(extenddftf2.o)
 .note.GNU-stack
                0x00000000        0x0 /opt/riscv/lib/gcc/riscv32-unknown-elf/15.2.0/libgcc.a(_clz.o)
 .note.GNU-stack
                0x00000000        0x0 /opt/riscv/lib/gcc/riscv32-unknown-elf/15.2.0/libgcc.a(_clzsi2.o)

.debug_info     0x00000000     0x7e81
 .debug_info    0x00000000      0xa29 /opt/riscv/lib/gcc/riscv32-unknown-elf/15.2.0/libgcc.a(_udivdi3.o)
 .debug_info    0x00000a29      0xa8f /opt/riscv/lib/gcc/riscv32-unknown-elf/15.2.0/libgcc.a(_umoddi3.o)
 .debug_info    0x000014b8      0x582 /opt/riscv/lib/gcc/riscv32-unknown-elf/15.2.0/libgcc.a(adddf3.o)
 .debug_info    0x00001a3a      0x901 /opt/riscv/lib/gcc/riscv32-unknown-elf/15.2.0/libgcc.a(divdf3.o)
 .debug_info    0x0000233b      0x248 /opt/riscv/lib/gcc/riscv32-unknown-elf/15.2.0/libgcc.a(eqdf2.o)
 .debug_info    0x00002583      0x25a /opt/riscv/lib/gcc/riscv32-unknown-elf/15.2.0/libgcc.a(gedf2.o)
 .debug_info    0x000027dd      0x25a /opt/riscv/lib/gcc/riscv32-unknown-elf/15.2.0/libgcc.a(ledf2.o)
 .debug_info    0x00002a37      0x9eb /opt/riscv/lib/gcc/riscv32-unknown-elf/15.2.0/libgcc.a(muldf3.o)
 .debug_info    0x00003422      0x582 /opt/riscv/lib/gcc/riscv32-unknown-elf/15.2.0/libgcc.a(subdf3.o)
 .debug_info    0x000039a4      0x1de /opt/riscv/lib/gcc/riscv32-unknown-elf/15.2.0/libgcc.a(fixdfsi.o)
 .debug_info    0x00003b82      0x289 /opt/riscv/lib/gcc/riscv32-unknown-elf/15.2.0/libgcc.a(floatsidf.o)
 .debug_info    0x00003e0b      0x244 /opt/riscv/lib/gcc/riscv32-unknown-elf/15.2.0/libgcc.a(eqtf2.o)
 .debug_info    0x0000404f      0x24a /opt/riscv/lib/gcc/riscv32-unknown-elf/15.2.0/libgcc.a(getf2.o)
 .debug_info    0x00004299      0x24a /opt/riscv/lib/gcc/riscv32-unknown-elf/15.2.0/libgcc.a(letf2.o)
 .debug_info    0x000044e3     0x1c44 /opt/riscv/lib/gcc/riscv32-unknown-elf/15.2.0/libgcc.a(multf3.o)
 .debug_info    0x00006127      0xe77 /opt/riscv/lib/gcc/riscv32-unknown-elf/15.2.0/libgcc.a(subtf3.o)
 .debug_info    0x00006f9e      0x235 /opt/riscv/lib/gcc/riscv32-unknown-elf/15.2.0/libgcc.a(unordtf2.o)
 .debug_info    0x000071d3      0x27d /opt/riscv/lib/gcc/riscv32-unknown-elf/15.2.0/libgcc.a(fixtfsi.o)
 .debug_info    0x00007450      0x362 /opt/riscv/lib/gcc/riscv32-unknown-elf/15.2.0/libgcc.a(floatsitf.o)
 .debug_info    0x000077b2      0x3e5 /opt/riscv/lib/gcc/riscv32-unknown-elf/15.2.0/libgcc.a(extenddftf2.o)
 .debug_info    0x00007b97       0x31 /opt/riscv/lib/gcc/riscv32-unknown-elf/15.2.0/libgcc.a(muldi3.o)
 .debug_info    0x00007bc8       0x5f /opt/riscv/lib/gcc/riscv32-unknown-elf/15.2.0/libgcc.a(div.o)
 .debug_info    0x00007c27       0xf2 /opt/riscv/lib/gcc/riscv32-unknown-elf/15.2.0/libgcc.a(_clz.o)
 .debug_info    0x00007d19      0x168 /opt/riscv/lib/gcc/riscv32-unknown-elf/15.2.0/libgcc.a(_clzsi2.o)

.debug_abbrev   0x00000000     0x2119
 .debug_abbrev  0x00000000      0x1db /opt/riscv/lib/gcc/riscv32-unknown-elf/15.2.0/libgcc.a(_udivdi3.o)
 .debug_abbrev  0x000001db      0x1e6 /opt/riscv/lib/gcc/riscv32-unknown-elf/15.2.0/libgcc.a(_umoddi3.o)
 .debug_abbrev  0x000003c1      0x195 /opt/riscv/lib/gcc/riscv32-unknown-elf/15.2.0/libgcc.a(adddf3.o)
 .debug_abbrev  0x00000556      0x19f /opt/riscv/lib/gcc/riscv32-unknown-elf/15.2.0/libgcc.a(divdf3.o)
 .debug_abbrev  0x000006f5      0x170 /opt/riscv/lib/gcc/riscv32-unknown-elf/15.2.0/libgcc.a(eqdf2.o)
 .debug_abbrev  0x00000865      0x174 /opt/riscv/lib/gcc/riscv32-unknown-elf/15.2.0/libgcc.a(gedf2.o)
 .debug_abbrev  0x000009d9      0x174 /opt/riscv/lib/gcc/riscv32-unknown-elf/15.2.0/libgcc.a(ledf2.o)
 .debug_abbrev  0x00000b4d      0x1b1 /opt/riscv/lib/gcc/riscv32-unknown-elf/15.2.0/libgcc.a(muldf3.o)
 .debug_abbrev  0x00000cfe      0x195 /opt/riscv/lib/gcc/riscv32-unknown-elf/15.2.0/libgcc.a(subdf3.o)
 .debug_abbrev  0x00000e93      0x15e /opt/riscv/lib/gcc/riscv32-unknown-elf/15.2.0/libgcc.a(fixdfsi.o)
 .debug_abbrev  0x00000ff1      0x173 /opt/riscv/lib/gcc/riscv32-unknown-elf/15.2.0/libgcc.a(floatsidf.o)
 .debug_abbrev  0x00001164      0x169 /opt/riscv/lib/gcc/riscv32-unknown-elf/15.2.0/libgcc.a(eqtf2.o)
 .debug_abbrev  0x000012cd      0x182 /opt/riscv/lib/gcc/riscv32-unknown-elf/15.2.0/libgcc.a(getf2.o)
 .debug_abbrev  0x0000144f      0x182 /opt/riscv/lib/gcc/riscv32-unknown-elf/15.2.0/libgcc.a(letf2.o)
 .debug_abbrev  0x000015d1      0x1ac /opt/riscv/lib/gcc/riscv32-unknown-elf/15.2.0/libgcc.a(multf3.o)
 .debug_abbrev  0x0000177d      0x1d2 /opt/riscv/lib/gcc/riscv32-unknown-elf/15.2.0/libgcc.a(subtf3.o)
 .debug_abbrev  0x0000194f      0x157 /opt/riscv/lib/gcc/riscv32-unknown-elf/15.2.0/libgcc.a(unordtf2.o)
 .debug_abbrev  0x00001aa6      0x18b /opt/riscv/lib/gcc/riscv32-unknown-elf/15.2.0/libgcc.a(fixtfsi.o)
 .debug_abbrev  0x00001c31      0x1a5 /opt/riscv/lib/gcc/riscv32-unknown-elf/15.2.0/libgcc.a(floatsitf.o)
 .debug_abbrev  0x00001dd6      0x1a4 /opt/riscv/lib/gcc/riscv32-unknown-elf/15.2.0/libgcc.a(extenddftf2.o)
 .debug_abbrev  0x00001f7a       0x28 /opt/riscv/lib/gcc/riscv32-unknown-elf/15.2.0/libgcc.a(muldi3.o)
 .debug_abbrev  0x00001fa2       0x28 /opt/riscv/lib/gcc/riscv32-unknown-elf/15.2.0/libgcc.a(div.o)
 .debug_abbrev  0x00001fca       0x76 /opt/riscv/lib/gcc/riscv32-unknown-elf/15.2.0/libgcc.a(_clz.o)
 .debug_abbrev  0x00002040       0xd9 /opt/riscv/lib/gcc/riscv32-unknown-elf/15.2.0/libgcc.a(_clzsi2.o)

.debug_loclists
                0x00000000     0xaf56
 .debug_loclists
                0x00000000      0xdf9 /opt/riscv/lib/gcc/riscv32-unknown-elf/15.2.0/libgcc.a(_udivdi3.o)
 .debug_loclists
                0x00000df9      0x9a7 /opt/riscv/lib/gcc/riscv32-unknown-elf/15.2.0/libgcc.a(_umoddi3.o)
 .debug_loclists
                0x000017a0      0xf7b /opt/riscv/lib/gcc/riscv32-unknown-elf/15.2.0/libgcc.a(adddf3.o)
 .debug_loclists
                0x0000271b      0xf69 /opt/riscv/lib/gcc/riscv32-unknown-elf/15.2.0/libgcc.a(divdf3.o)
 .debug_loclists
                0x00003684       0xa0 /opt/riscv/lib/gcc/riscv32-unknown-elf/15.2.0/libgcc.a(eqdf2.o)
 .debug_loclists
                0x00003724       0xff /opt/riscv/lib/gcc/riscv32-unknown-elf/15.2.0/libgcc.a(gedf2.o)
 .debug_loclists
                0x00003823       0xff /opt/riscv/lib/gcc/riscv32-unknown-elf/15.2.0/libgcc.a(ledf2.o)
 .debug_loclists
                0x00003922      0xb9d /opt/riscv/lib/gcc/riscv32-unknown-elf/15.2.0/libgcc.a(muldf3.o)
 .debug_loclists
                0x000044bf      0xf7e /opt/riscv/lib/gcc/riscv32-unknown-elf/15.2.0/libgcc.a(subdf3.o)
 .debug_loclists
                0x0000543d       0xe5 /opt/riscv/lib/gcc/riscv32-unknown-elf/15.2.0/libgcc.a(fixdfsi.o)
 .debug_loclists
                0x00005522      0x102 /opt/riscv/lib/gcc/riscv32-unknown-elf/15.2.0/libgcc.a(floatsidf.o)
 .debug_loclists
                0x00005624       0xe6 /opt/riscv/lib/gcc/riscv32-unknown-elf/15.2.0/libgcc.a(eqtf2.o)
 .debug_loclists
                0x0000570a       0xc5 /opt/riscv/lib/gcc/riscv32-unknown-elf/15.2.0/libgcc.a(getf2.o)
 .debug_loclists
                0x000057cf       0xc5 /opt/riscv/lib/gcc/riscv32-unknown-elf/15.2.0/libgcc.a(letf2.o)
 .debug_loclists
                0x00005894     0x2162 /opt/riscv/lib/gcc/riscv32-unknown-elf/15.2.0/libgcc.a(multf3.o)
 .debug_loclists
                0x000079f6     0x2dee /opt/riscv/lib/gcc/riscv32-unknown-elf/15.2.0/libgcc.a(subtf3.o)
 .debug_loclists
                0x0000a7e4       0x7e /opt/riscv/lib/gcc/riscv32-unknown-elf/15.2.0/libgcc.a(unordtf2.o)
 .debug_loclists
                0x0000a862      0x16d /opt/riscv/lib/gcc/riscv32-unknown-elf/15.2.0/libgcc.a(fixtfsi.o)
 .debug_loclists
                0x0000a9cf      0x1b3 /opt/riscv/lib/gcc/riscv32-unknown-elf/15.2.0/libgcc.a(floatsitf.o)
 .debug_loclists
                0x0000ab82      0x382 /opt/riscv/lib/gcc/riscv32-unknown-elf/15.2.0/libgcc.a(extenddftf2.o)
 .debug_loclists
                0x0000af04       0x52 /opt/riscv/lib/gcc/riscv32-unknown-elf/15.2.0/libgcc.a(_clzsi2.o)

.debug_aranges  0x00000000      0x2f8
 .debug_aranges
                0x00000000       0x20 /opt/riscv/lib/gcc/riscv32-unknown-elf/15.2.0/libgcc.a(_udivdi3.o)
 .debug_aranges
                0x00000020       0x20 /opt/riscv/lib/gcc/riscv32-unknown-elf/15.2.0/libgcc.a(_umoddi3.o)
 .debug_aranges
                0x00000040       0x20 /opt/riscv/lib/gcc/riscv32-unknown-elf/15.2.0/libgcc.a(adddf3.o)
 .debug_aranges
                0x00000060       0x20 /opt/riscv/lib/gcc/riscv32-unknown-elf/15.2.0/libgcc.a(divdf3.o)
 .debug_aranges
                0x00000080       0x20 /opt/riscv/lib/gcc/riscv32-unknown-elf/15.2.0/libgcc.a(eqdf2.o)
 .debug_aranges
                0x000000a0       0x20 /opt/riscv/lib/gcc/riscv32-unknown-elf/15.2.0/libgcc.a(gedf2.o)
 .debug_aranges
                0x000000c0       0x20 /opt/riscv/lib/gcc/riscv32-unknown-elf/15.2.0/libgcc.a(ledf2.o)
 .debug_aranges
                0x000000e0       0x20 /opt/riscv/lib/gcc/riscv32-unknown-elf/15.2.0/libgcc.a(muldf3.o)
 .debug_aranges
                0x00000100       0x20 /opt/riscv/lib/gcc/riscv32-unknown-elf/15.2.0/libgcc.a(subdf3.o)
 .debug_aranges
                0x00000120       0x20 /opt/riscv/lib/gcc/riscv32-unknown-elf/15.2.0/libgcc.a(fixdfsi.o)
 .debug_aranges
                0x00000140       0x20 /opt/riscv/lib/gcc/riscv32-unknown-elf/15.2.0/libgcc.a(floatsidf.o)
 .debug_aranges
                0x00000160       0x20 /opt/riscv/lib/gcc/riscv32-unknown-elf/15.2.0/libgcc.a(eqtf2.o)
 .debug_aranges
                0x00000180       0x20 /opt/riscv/lib/gcc/riscv32-unknown-elf/15.2.0/libgcc.a(getf2.o)
 .debug_aranges
                0x000001a0       0x20 /opt/riscv/lib/gcc/riscv32-unknown-elf/15.2.0/libgcc.a(letf2.o)
 .debug_aranges
                0x000001c0       0x20 /opt/riscv/lib/gcc/riscv32-unknown-elf/15.2.0/libgcc.a(multf3.o)
 .debug_aranges
                0x000001e0       0x20 /opt/riscv/lib/gcc/riscv32-unknown-elf/15.2.0/libgcc.a(subtf3.o)
 .debug_aranges
                0x00000200       0x20 /opt/riscv/lib/gcc/riscv32-unknown-elf/15.2.0/libgcc.a(unordtf2.o)
 .debug_aranges
                0x00000220       0x20 /opt/riscv/lib/gcc/riscv32-unknown-elf/15.2.0/libgcc.a(fixtfsi.o)
 .debug_aranges
                0x00000240       0x20 /opt/riscv/lib/gcc/riscv32-unknown-elf/15.2.0/libgcc.a(floatsitf.o)
 .debug_aranges
                0x00000260       0x20 /opt/riscv/lib/gcc/riscv32-unknown-elf/15.2.0/libgcc.a(extenddftf2.o)
 .debug_aranges
                0x00000280       0x20 /opt/riscv/lib/gcc/riscv32-unknown-elf/15.2.0/libgcc.a(muldi3.o)
 .debug_aranges
                0x000002a0       0x20 /opt/riscv/lib/gcc/riscv32-unknown-elf/15.2.0/libgcc.a(div.o)
 .debug_aranges
                0x000002c0       0x18 /opt/riscv/lib/gcc/riscv32-unknown-elf/15.2.0/libgcc.a(_clz.o)
 .debug_aranges
                0x000002d8       0x20 /opt/riscv/lib/gcc/riscv32-unknown-elf/15.2.0/libgcc.a(_clzsi2.o)

.debug_rnglists
                0x00000000      0xf0d
 .debug_rnglists
                0x00000000       0xd3 /opt/riscv/lib/gcc/riscv32-unknown-elf/15.2.0/libgcc.a(_udivdi3.o)
 .debug_rnglists
                0x000000d3       0x99 /opt/riscv/lib/gcc/riscv32-unknown-elf/15.2.0/libgcc.a(_umoddi3.o)
 .debug_rnglists
                0x0000016c       0xe9 /opt/riscv/lib/gcc/riscv32-unknown-elf/15.2.0/libgcc.a(adddf3.o)
 .debug_rnglists
                0x00000255      0x128 /opt/riscv/lib/gcc/riscv32-unknown-elf/15.2.0/libgcc.a(divdf3.o)
 .debug_rnglists
                0x0000037d       0x20 /opt/riscv/lib/gcc/riscv32-unknown-elf/15.2.0/libgcc.a(eqdf2.o)
 .debug_rnglists
                0x0000039d       0x26 /opt/riscv/lib/gcc/riscv32-unknown-elf/15.2.0/libgcc.a(gedf2.o)
 .debug_rnglists
                0x000003c3       0x26 /opt/riscv/lib/gcc/riscv32-unknown-elf/15.2.0/libgcc.a(ledf2.o)
 .debug_rnglists
                0x000003e9      0x146 /opt/riscv/lib/gcc/riscv32-unknown-elf/15.2.0/libgcc.a(muldf3.o)
 .debug_rnglists
                0x0000052f       0xec /opt/riscv/lib/gcc/riscv32-unknown-elf/15.2.0/libgcc.a(subdf3.o)
 .debug_rnglists
                0x0000061b       0x13 /opt/riscv/lib/gcc/riscv32-unknown-elf/15.2.0/libgcc.a(fixdfsi.o)
 .debug_rnglists
                0x0000062e       0x32 /opt/riscv/lib/gcc/riscv32-unknown-elf/15.2.0/libgcc.a(floatsidf.o)
 .debug_rnglists
                0x00000660       0x29 /opt/riscv/lib/gcc/riscv32-unknown-elf/15.2.0/libgcc.a(eqtf2.o)
 .debug_rnglists
                0x00000689       0x3d /opt/riscv/lib/gcc/riscv32-unknown-elf/15.2.0/libgcc.a(getf2.o)
 .debug_rnglists
                0x000006c6       0x3d /opt/riscv/lib/gcc/riscv32-unknown-elf/15.2.0/libgcc.a(letf2.o)
 .debug_rnglists
                0x00000703      0x555 /opt/riscv/lib/gcc/riscv32-unknown-elf/15.2.0/libgcc.a(multf3.o)
 .debug_rnglists
                0x00000c58      0x1be /opt/riscv/lib/gcc/riscv32-unknown-elf/15.2.0/libgcc.a(subtf3.o)
 .debug_rnglists
                0x00000e16       0x29 /opt/riscv/lib/gcc/riscv32-unknown-elf/15.2.0/libgcc.a(unordtf2.o)
 .debug_rnglists
                0x00000e3f       0x36 /opt/riscv/lib/gcc/riscv32-unknown-elf/15.2.0/libgcc.a(fixtfsi.o)
 .debug_rnglists
                0x00000e75       0x42 /opt/riscv/lib/gcc/riscv32-unknown-elf/15.2.0/libgcc.a(floatsitf.o)
 .debug_rnglists
                0x00000eb7       0x40 /opt/riscv/lib/gcc/riscv32-unknown-elf/15.2.0/libgcc.a(extenddftf2.o)
 .debug_rnglists
                0x00000ef7       0x16 /opt/riscv/lib/gcc/riscv32-unknown-elf/15.2.0/libgcc.a(_clzsi2.o)

.debug_line     0x00000000    0x109ee
 .debug_line    0x00000000      0xcc3 /opt/riscv/lib/gcc/riscv32-unknown-elf/15.2.0/libgcc.a(_udivdi3.o)
 .debug_line    0x00000cc3      0xbdf /opt/riscv/lib/gcc/riscv32-unknown-elf/15.2.0/libgcc.a(_umoddi3.o)
 .debug_line    0x000018a2     0x16ba /opt/riscv/lib/gcc/riscv32-unknown-elf/15.2.0/libgcc.a(adddf3.o)
 .debug_line    0x00002f5c     0x16b5 /opt/riscv/lib/gcc/riscv32-unknown-elf/15.2.0/libgcc.a(divdf3.o)
 .debug_line    0x00004611      0x257 /opt/riscv/lib/gcc/riscv32-unknown-elf/15.2.0/libgcc.a(eqdf2.o)
 .debug_line    0x00004868      0x361 /opt/riscv/lib/gcc/riscv32-unknown-elf/15.2.0/libgcc.a(gedf2.o)
 .debug_line    0x00004bc9      0x361 /opt/riscv/lib/gcc/riscv32-unknown-elf/15.2.0/libgcc.a(ledf2.o)
 .debug_line    0x00004f2a     0x15bf /opt/riscv/lib/gcc/riscv32-unknown-elf/15.2.0/libgcc.a(muldf3.o)
 .debug_line    0x000064e9     0x16fd /opt/riscv/lib/gcc/riscv32-unknown-elf/15.2.0/libgcc.a(subdf3.o)
 .debug_line    0x00007be6      0x239 /opt/riscv/lib/gcc/riscv32-unknown-elf/15.2.0/libgcc.a(fixdfsi.o)
 .debug_line    0x00007e1f      0x251 /opt/riscv/lib/gcc/riscv32-unknown-elf/15.2.0/libgcc.a(floatsidf.o)
 .debug_line    0x00008070      0x2d7 /opt/riscv/lib/gcc/riscv32-unknown-elf/15.2.0/libgcc.a(eqtf2.o)
 .debug_line    0x00008347      0x3db /opt/riscv/lib/gcc/riscv32-unknown-elf/15.2.0/libgcc.a(getf2.o)
 .debug_line    0x00008722      0x3db /opt/riscv/lib/gcc/riscv32-unknown-elf/15.2.0/libgcc.a(letf2.o)
 .debug_line    0x00008afd     0x3c66 /opt/riscv/lib/gcc/riscv32-unknown-elf/15.2.0/libgcc.a(multf3.o)
 .debug_line    0x0000c763     0x30b8 /opt/riscv/lib/gcc/riscv32-unknown-elf/15.2.0/libgcc.a(subtf3.o)
 .debug_line    0x0000f81b      0x1fd /opt/riscv/lib/gcc/riscv32-unknown-elf/15.2.0/libgcc.a(unordtf2.o)
 .debug_line    0x0000fa18      0x347 /opt/riscv/lib/gcc/riscv32-unknown-elf/15.2.0/libgcc.a(fixtfsi.o)
 .debug_line    0x0000fd5f      0x3a7 /opt/riscv/lib/gcc/riscv32-unknown-elf/15.2.0/libgcc.a(floatsitf.o)
 .debug_line    0x00010106      0x5e3 /opt/riscv/lib/gcc/riscv32-unknown-elf/15.2.0/libgcc.a(extenddftf2.o)
 .debug_line    0x000106e9       0x7a /opt/riscv/lib/gcc/riscv32-unknown-elf/15.2.0/libgcc.a(muldi3.o)
 .debug_line    0x00010763      0x153 /opt/riscv/lib/gcc/riscv32-unknown-elf/15.2.0/libgcc.a(div.o)
 .debug_line    0x000108b6       0x49 /opt/riscv/lib/gcc/riscv32-unknown-elf/15.2.0/libgcc.a(_clz.o)
 .debug_line    0x000108ff       0xef /opt/riscv/lib/gcc/riscv32-unknown-elf/15.2.0/libgcc.a(_clzsi2.o)

.debug_str      0x00000000      0xbfc
 .debug_str     0x00000000      0xbfc /opt/riscv/lib/gcc/riscv32-unknown-elf/15.2.0/libgcc.a(_udivdi3.o)
                                0x287 (size before relaxing)
 .debug_str     0x00000bfc        0x0 /opt/riscv/lib/gcc/riscv32-unknown-elf/15.2.0/libgcc.a(_umoddi3.o)
                                0x287 (size before relaxing)
 .debug_str     0x00000bfc        0x0 /opt/riscv/lib/gcc/riscv32-unknown-elf/15.2.0/libgcc.a(adddf3.o)
                                0x298 (size before relaxing)
 .debug_str     0x00000bfc        0x0 /opt/riscv/lib/gcc/riscv32-unknown-elf/15.2.0/libgcc.a(divdf3.o)
                                0x383 (size before relaxing)
 .debug_str     0x00000bfc        0x0 /opt/riscv/lib/gcc/riscv32-unknown-elf/15.2.0/libgcc.a(eqdf2.o)
                                0x1aa (size before relaxing)
 .debug_str     0x00000bfc        0x0 /opt/riscv/lib/gcc/riscv32-unknown-elf/15.2.0/libgcc.a(gedf2.o)
                                0x1ce (size before relaxing)
 .debug_str     0x00000bfc        0x0 /opt/riscv/lib/gcc/riscv32-unknown-elf/15.2.0/libgcc.a(ledf2.o)
                                0x1ce (size before relaxing)
 .debug_str     0x00000bfc        0x0 /opt/riscv/lib/gcc/riscv32-unknown-elf/15.2.0/libgcc.a(muldf3.o)
                                0x3be (size before relaxing)
 .debug_str     0x00000bfc        0x0 /opt/riscv/lib/gcc/riscv32-unknown-elf/15.2.0/libgcc.a(subdf3.o)
                                0x298 (size before relaxing)
 .debug_str     0x00000bfc        0x0 /opt/riscv/lib/gcc/riscv32-unknown-elf/15.2.0/libgcc.a(fixdfsi.o)
                                0x1a5 (size before relaxing)
 .debug_str     0x00000bfc        0x0 /opt/riscv/lib/gcc/riscv32-unknown-elf/15.2.0/libgcc.a(floatsidf.o)
                                0x242 (size before relaxing)
 .debug_str     0x00000bfc        0x0 /opt/riscv/lib/gcc/riscv32-unknown-elf/15.2.0/libgcc.a(eqtf2.o)
                                0x1a7 (size before relaxing)
 .debug_str     0x00000bfc        0x0 /opt/riscv/lib/gcc/riscv32-unknown-elf/15.2.0/libgcc.a(getf2.o)
                                0x1cb (size before relaxing)
 .debug_str     0x00000bfc        0x0 /opt/riscv/lib/gcc/riscv32-unknown-elf/15.2.0/libgcc.a(letf2.o)
                                0x1cb (size before relaxing)
 .debug_str     0x00000bfc        0x0 /opt/riscv/lib/gcc/riscv32-unknown-elf/15.2.0/libgcc.a(multf3.o)
                                0x545 (size before relaxing)
 .debug_str     0x00000bfc        0x0 /opt/riscv/lib/gcc/riscv32-unknown-elf/15.2.0/libgcc.a(subtf3.o)
                                0x41a (size before relaxing)
 .debug_str     0x00000bfc        0x0 /opt/riscv/lib/gcc/riscv32-unknown-elf/15.2.0/libgcc.a(unordtf2.o)
                                0x1aa (size before relaxing)
 .debug_str     0x00000bfc        0x0 /opt/riscv/lib/gcc/riscv32-unknown-elf/15.2.0/libgcc.a(fixtfsi.o)
                                0x20d (size before relaxing)
 .debug_str     0x00000bfc        0x0 /opt/riscv/lib/gcc/riscv32-unknown-elf/15.2.0/libgcc.a(floatsitf.o)
                                0x2db (size before relaxing)
 .debug_str     0x00000bfc        0x0 /opt/riscv/lib/gcc/riscv32-unknown-elf/15.2.0/libgcc.a(extenddftf2.o)
                                0x226 (size before relaxing)
 .debug_str     0x00000bfc        0x0 /opt/riscv/lib/gcc/riscv32-unknown-elf/15.2.0/libgcc.a(muldi3.o)
                                 0x9b (size before relaxing)
 .debug_str     0x00000bfc        0x0 /opt/riscv/lib/gcc/riscv32-unknown-elf/15.2.0/libgcc.a(div.o)
                                 0xc8 (size before relaxing)
 .debug_str     0x00000bfc        0x0 /opt/riscv/lib/gcc/riscv32-unknown-elf/15.2.0/libgcc.a(_clz.o)
                                0x1ab (size before relaxing)
 .debug_str     0x00000bfc        0x0 /opt/riscv/lib/gcc/riscv32-unknown-elf/15.2.0/libgcc.a(_clzsi2.o)
                                0x1c8 (size before relaxing)

.debug_line_str
                0x00000000      0x3d9
 .debug_line_str
                0x00000000      0x3d9 /opt/riscv/lib/gcc/riscv32-unknown-elf/15.2.0/libgcc.a(_udivdi3.o)
                                 0xa4 (size before relaxing)
 .debug_line_str
                0x000003d9        0x0 /opt/riscv/lib/gcc/riscv32-unknown-elf/15.2.0/libgcc.a(_umoddi3.o)
                                 0xa4 (size before relaxing)
 .debug_line_str
                0x000003d9        0x0 /opt/riscv/lib/gcc/riscv32-unknown-elf/15.2.0/libgcc.a(adddf3.o)
                                 0xb1 (size before relaxing)
 .debug_line_str
                0x000003d9        0x0 /opt/riscv/lib/gcc/riscv32-unknown-elf/15.2.0/libgcc.a(divdf3.o)
                                 0xbb (size before relaxing)
 .debug_line_str
                0x000003d9        0x0 /opt/riscv/lib/gcc/riscv32-unknown-elf/15.2.0/libgcc.a(eqdf2.o)
                                 0xbd (size before relaxing)
 .debug_line_str
                0x000003d9        0x0 /opt/riscv/lib/gcc/riscv32-unknown-elf/15.2.0/libgcc.a(gedf2.o)
                                 0xbd (size before relaxing)
 .debug_line_str
                0x000003d9        0x0 /opt/riscv/lib/gcc/riscv32-unknown-elf/15.2.0/libgcc.a(ledf2.o)
                                 0xbd (size before relaxing)
 .debug_line_str
                0x000003d9        0x0 /opt/riscv/lib/gcc/riscv32-unknown-elf/15.2.0/libgcc.a(muldf3.o)
                                 0xbb (size before relaxing)
 .debug_line_str
                0x000003d9        0x0 /opt/riscv/lib/gcc/riscv32-unknown-elf/15.2.0/libgcc.a(subdf3.o)
                                 0xb1 (size before relaxing)