Assembler report for TrafficLight
Mon Sep 15 12:31:29 2025
Quartus Prime Version 22.1std.2 Build 922 07/20/2023 SC Lite Edition


---------------------
; Table of Contents ;
---------------------
  1. Legal Notice
  2. Assembler Summary
  3. Assembler Settings
  4. Assembler Generated Files
  5. Assembler Device Options: C:/GitHub_Repos/FPGALearning/TrafficLight/output_files/TrafficLight.sof
  6. Assembler Device Options: C:/GitHub_Repos/FPGALearning/TrafficLight/output_files/TrafficLight.pof
  7. Assembler Messages



----------------
; Legal Notice ;
----------------
Copyright (C) 2023  Intel Corporation. All rights reserved.
Your use of Intel Corporation's design tools, logic functions 
and other software and tools, and any partner logic 
functions, and any output files from any of the foregoing 
(including device programming or simulation files), and any 
associated documentation or information are expressly subject 
to the terms and conditions of the Intel Program License 
Subscription Agreement, the Intel Quartus Prime License Agreement,
the Intel FPGA IP License Agreement, or other applicable license
agreement, including, without limitation, that your use is for
the sole purpose of programming logic devices manufactured by
Intel and sold by Intel or its authorized distributors.  Please
refer to the applicable agreement for further details, at
https://fpgasoftware.intel.com/eula.



+---------------------------------------------------------------+
; Assembler Summary                                             ;
+-----------------------+---------------------------------------+
; Assembler Status      ; Successful - Mon Sep 15 12:31:29 2025 ;
; Revision Name         ; TrafficLight                          ;
; Top-level Entity Name ; baseline_c5gx                         ;
; Family                ; Cyclone V                             ;
; Device                ; 5CGXFC5C6F27C7                        ;
+-----------------------+---------------------------------------+


+----------------------------------+
; Assembler Settings               ;
+--------+---------+---------------+
; Option ; Setting ; Default Value ;
+--------+---------+---------------+


+-------------------------------------------------------------------------+
; Assembler Generated Files                                               ;
+-------------------------------------------------------------------------+
; File Name                                                               ;
+-------------------------------------------------------------------------+
; C:/GitHub_Repos/FPGALearning/TrafficLight/output_files/TrafficLight.sof ;
; C:/GitHub_Repos/FPGALearning/TrafficLight/output_files/TrafficLight.pof ;
+-------------------------------------------------------------------------+


+---------------------------------------------------------------------------------------------------+
; Assembler Device Options: C:/GitHub_Repos/FPGALearning/TrafficLight/output_files/TrafficLight.sof ;
+----------------+----------------------------------------------------------------------------------+
; Option         ; Setting                                                                          ;
+----------------+----------------------------------------------------------------------------------+
; JTAG usercode  ; 0x007A0FB4                                                                       ;
; Checksum       ; 0x007A0FB4                                                                       ;
+----------------+----------------------------------------------------------------------------------+


+---------------------------------------------------------------------------------------------------+
; Assembler Device Options: C:/GitHub_Repos/FPGALearning/TrafficLight/output_files/TrafficLight.pof ;
+--------------------+------------------------------------------------------------------------------+
; Option             ; Setting                                                                      ;
+--------------------+------------------------------------------------------------------------------+
; JTAG usercode      ; 0x00000000                                                                   ;
; Checksum           ; 0xECE05D4F                                                                   ;
; Compression Ratio  ; 3                                                                            ;
+--------------------+------------------------------------------------------------------------------+


+--------------------+
; Assembler Messages ;
+--------------------+
Info: *******************************************************************
Info: Running Quartus Prime Assembler
    Info: Version 22.1std.2 Build 922 07/20/2023 SC Lite Edition
    Info: Processing started: Mon Sep 15 12:31:23 2025
Info: Command: quartus_asm --read_settings_files=off --write_settings_files=off TrafficLight -c TrafficLight
Info (115030): Assembler is generating device programming files
Info: Quartus Prime Assembler was successful. 0 errors, 0 warnings
    Info: Peak virtual memory: 4874 megabytes
    Info: Processing ended: Mon Sep 15 12:31:29 2025
    Info: Elapsed time: 00:00:06
    Info: Total CPU time (on all processors): 00:00:05


